Archive member included to satisfy reference by file (symbol)

c:/st/stm32cubeide_1.9.0/stm32cubeide/plugins/com.st.stm32cube.ide.mcu.externaltools.gnu-tools-for-stm32.10.3-2021.10.win32_1.0.0.202111181127/tools/bin/../lib/gcc/arm-none-eabi/10.3.1/../../../../arm-none-eabi/lib/thumb/v8-m.main+fp/hard\libc_nano.a(lib_a-errno.o)
                              ./Core/Src/syscalls.o (__errno)
c:/st/stm32cubeide_1.9.0/stm32cubeide/plugins/com.st.stm32cube.ide.mcu.externaltools.gnu-tools-for-stm32.10.3-2021.10.win32_1.0.0.202111181127/tools/bin/../lib/gcc/arm-none-eabi/10.3.1/../../../../arm-none-eabi/lib/thumb/v8-m.main+fp/hard\libc_nano.a(lib_a-exit.o)
                              c:/st/stm32cubeide_1.9.0/stm32cubeide/plugins/com.st.stm32cube.ide.mcu.externaltools.gnu-tools-for-stm32.10.3-2021.10.win32_1.0.0.202111181127/tools/bin/../lib/gcc/arm-none-eabi/10.3.1/../../../../arm-none-eabi/lib/thumb/v8-m.main+fp/hard/crt0.o (exit)
c:/st/stm32cubeide_1.9.0/stm32cubeide/plugins/com.st.stm32cube.ide.mcu.externaltools.gnu-tools-for-stm32.10.3-2021.10.win32_1.0.0.202111181127/tools/bin/../lib/gcc/arm-none-eabi/10.3.1/../../../../arm-none-eabi/lib/thumb/v8-m.main+fp/hard\libc_nano.a(lib_a-impure.o)
                              c:/st/stm32cubeide_1.9.0/stm32cubeide/plugins/com.st.stm32cube.ide.mcu.externaltools.gnu-tools-for-stm32.10.3-2021.10.win32_1.0.0.202111181127/tools/bin/../lib/gcc/arm-none-eabi/10.3.1/../../../../arm-none-eabi/lib/thumb/v8-m.main+fp/hard\libc_nano.a(lib_a-exit.o) (_global_impure_ptr)
c:/st/stm32cubeide_1.9.0/stm32cubeide/plugins/com.st.stm32cube.ide.mcu.externaltools.gnu-tools-for-stm32.10.3-2021.10.win32_1.0.0.202111181127/tools/bin/../lib/gcc/arm-none-eabi/10.3.1/../../../../arm-none-eabi/lib/thumb/v8-m.main+fp/hard\libc_nano.a(lib_a-init.o)
                              c:/st/stm32cubeide_1.9.0/stm32cubeide/plugins/com.st.stm32cube.ide.mcu.externaltools.gnu-tools-for-stm32.10.3-2021.10.win32_1.0.0.202111181127/tools/bin/../lib/gcc/arm-none-eabi/10.3.1/../../../../arm-none-eabi/lib/thumb/v8-m.main+fp/hard/crt0.o (__libc_init_array)
c:/st/stm32cubeide_1.9.0/stm32cubeide/plugins/com.st.stm32cube.ide.mcu.externaltools.gnu-tools-for-stm32.10.3-2021.10.win32_1.0.0.202111181127/tools/bin/../lib/gcc/arm-none-eabi/10.3.1/../../../../arm-none-eabi/lib/thumb/v8-m.main+fp/hard\libc_nano.a(lib_a-memset.o)
                              c:/st/stm32cubeide_1.9.0/stm32cubeide/plugins/com.st.stm32cube.ide.mcu.externaltools.gnu-tools-for-stm32.10.3-2021.10.win32_1.0.0.202111181127/tools/bin/../lib/gcc/arm-none-eabi/10.3.1/../../../../arm-none-eabi/lib/thumb/v8-m.main+fp/hard/crt0.o (memset)

Discarded input sections

 .text          0x0000000000000000        0x0 c:/st/stm32cubeide_1.9.0/stm32cubeide/plugins/com.st.stm32cube.ide.mcu.externaltools.gnu-tools-for-stm32.10.3-2021.10.win32_1.0.0.202111181127/tools/bin/../lib/gcc/arm-none-eabi/10.3.1/thumb/v8-m.main+fp/hard/crti.o
 .data          0x0000000000000000        0x0 c:/st/stm32cubeide_1.9.0/stm32cubeide/plugins/com.st.stm32cube.ide.mcu.externaltools.gnu-tools-for-stm32.10.3-2021.10.win32_1.0.0.202111181127/tools/bin/../lib/gcc/arm-none-eabi/10.3.1/thumb/v8-m.main+fp/hard/crti.o
 .bss           0x0000000000000000        0x0 c:/st/stm32cubeide_1.9.0/stm32cubeide/plugins/com.st.stm32cube.ide.mcu.externaltools.gnu-tools-for-stm32.10.3-2021.10.win32_1.0.0.202111181127/tools/bin/../lib/gcc/arm-none-eabi/10.3.1/thumb/v8-m.main+fp/hard/crti.o
 .data          0x0000000000000000        0x4 c:/st/stm32cubeide_1.9.0/stm32cubeide/plugins/com.st.stm32cube.ide.mcu.externaltools.gnu-tools-for-stm32.10.3-2021.10.win32_1.0.0.202111181127/tools/bin/../lib/gcc/arm-none-eabi/10.3.1/thumb/v8-m.main+fp/hard/crtbegin.o
 .rodata        0x0000000000000000       0x24 c:/st/stm32cubeide_1.9.0/stm32cubeide/plugins/com.st.stm32cube.ide.mcu.externaltools.gnu-tools-for-stm32.10.3-2021.10.win32_1.0.0.202111181127/tools/bin/../lib/gcc/arm-none-eabi/10.3.1/thumb/v8-m.main+fp/hard/crtbegin.o
 .text          0x0000000000000000       0x7c c:/st/stm32cubeide_1.9.0/stm32cubeide/plugins/com.st.stm32cube.ide.mcu.externaltools.gnu-tools-for-stm32.10.3-2021.10.win32_1.0.0.202111181127/tools/bin/../lib/gcc/arm-none-eabi/10.3.1/../../../../arm-none-eabi/lib/thumb/v8-m.main+fp/hard/crt0.o
 .data          0x0000000000000000        0x0 c:/st/stm32cubeide_1.9.0/stm32cubeide/plugins/com.st.stm32cube.ide.mcu.externaltools.gnu-tools-for-stm32.10.3-2021.10.win32_1.0.0.202111181127/tools/bin/../lib/gcc/arm-none-eabi/10.3.1/../../../../arm-none-eabi/lib/thumb/v8-m.main+fp/hard/crt0.o
 .bss           0x0000000000000000        0x0 c:/st/stm32cubeide_1.9.0/stm32cubeide/plugins/com.st.stm32cube.ide.mcu.externaltools.gnu-tools-for-stm32.10.3-2021.10.win32_1.0.0.202111181127/tools/bin/../lib/gcc/arm-none-eabi/10.3.1/../../../../arm-none-eabi/lib/thumb/v8-m.main+fp/hard/crt0.o
[...]
Memory Configuration

Name             Origin             Length             Attributes
RAM              0x0000000020000000 0x0000000000040000 xrw
FLASH            0x0000000008000000 0x0000000000080000 xr
*default*        0x0000000000000000 0xffffffffffffffff

Linker script and memory map

LOAD c:/st/stm32cubeide_1.9.0/stm32cubeide/plugins/com.st.stm32cube.ide.mcu.externaltools.gnu-tools-for-stm32.10.3-2021.10.win32_1.0.0.202111181127/tools/bin/../lib/gcc/arm-none-eabi/10.3.1/thumb/v8-m.main+fp/hard/crti.o
LOAD c:/st/stm32cubeide_1.9.0/stm32cubeide/plugins/com.st.stm32cube.ide.mcu.externaltools.gnu-tools-for-stm32.10.3-2021.10.win32_1.0.0.202111181127/tools/bin/../lib/gcc/arm-none-eabi/10.3.1/thumb/v8-m.main+fp/hard/crtbegin.o
LOAD c:/st/stm32cubeide_1.9.0/stm32cubeide/plugins/com.st.stm32cube.ide.mcu.externaltools.gnu-tools-for-stm32.10.3-2021.10.win32_1.0.0.202111181127/tools/bin/../lib/gcc/arm-none-eabi/10.3.1/../../../../arm-none-eabi/lib/thumb/v8-m.main+fp/hard/crt0.o
LOAD ./Core/Src/main.o
LOAD ./Core/Src/stm32l5xx_hal_msp.o
LOAD ./Core/Src/stm32l5xx_it.o
LOAD ./Core/Src/syscalls.o
LOAD ./Core/Src/sysmem.o
LOAD ./Core/Src/system_stm32l5xx.o
LOAD ./Core/Startup/startup_stm32l562vetxq.o
LOAD ./Drivers/STM32L5xx_HAL_Driver/Src/stm32l5xx_hal.o
LOAD ./Drivers/STM32L5xx_HAL_Driver/Src/stm32l5xx_hal_cortex.o
LOAD ./Drivers/STM32L5xx_HAL_Driver/Src/stm32l5xx_hal_dma.o
LOAD ./Drivers/STM32L5xx_HAL_Driver/Src/stm32l5xx_hal_dma_ex.o
LOAD ./Drivers/STM32L5xx_HAL_Driver/Src/stm32l5xx_hal_exti.o
LOAD ./Drivers/STM32L5xx_HAL_Driver/Src/stm32l5xx_hal_flash.o
LOAD ./Drivers/STM32L5xx_HAL_Driver/Src/stm32l5xx_hal_flash_ex.o
LOAD ./Drivers/STM32L5xx_HAL_Driver/Src/stm32l5xx_hal_flash_ramfunc.o
LOAD ./Drivers/STM32L5xx_HAL_Driver/Src/stm32l5xx_hal_gpio.o
LOAD ./Drivers/STM32L5xx_HAL_Driver/Src/stm32l5xx_hal_i2c.o
LOAD ./Drivers/STM32L5xx_HAL_Driver/Src/stm32l5xx_hal_i2c_ex.o
LOAD ./Drivers/STM32L5xx_HAL_Driver/Src/stm32l5xx_hal_icache.o
LOAD ./Drivers/STM32L5xx_HAL_Driver/Src/stm32l5xx_hal_pcd.o
LOAD ./Drivers/STM32L5xx_HAL_Driver/Src/stm32l5xx_hal_pcd_ex.o
LOAD ./Drivers/STM32L5xx_HAL_Driver/Src/stm32l5xx_hal_pwr.o
LOAD ./Drivers/STM32L5xx_HAL_Driver/Src/stm32l5xx_hal_pwr_ex.o
LOAD ./Drivers/STM32L5xx_HAL_Driver/Src/stm32l5xx_hal_rcc.o
LOAD ./Drivers/STM32L5xx_HAL_Driver/Src/stm32l5xx_hal_rcc_ex.o
LOAD ./Drivers/STM32L5xx_HAL_Driver/Src/stm32l5xx_hal_tim.o
LOAD ./Drivers/STM32L5xx_HAL_Driver/Src/stm32l5xx_hal_tim_ex.o
LOAD ./Drivers/STM32L5xx_HAL_Driver/Src/stm32l5xx_ll_usb.o
LOAD ./FATFS/App/app_fatfs.o
LOAD ./FATFS/Target/user_diskio.o
LOAD ./Middlewares/ST/STM32_USB_Device_Library/Class/MSC/Src/usbd_msc.o
LOAD ./Middlewares/ST/STM32_USB_Device_Library/Class/MSC/Src/usbd_msc_bot.o
LOAD ./Middlewares/ST/STM32_USB_Device_Library/Class/MSC/Src/usbd_msc_data.o
LOAD ./Middlewares/ST/STM32_USB_Device_Library/Class/MSC/Src/usbd_msc_scsi.o
LOAD ./Middlewares/ST/STM32_USB_Device_Library/Core/Src/usbd_core.o
LOAD ./Middlewares/ST/STM32_USB_Device_Library/Core/Src/usbd_ctlreq.o
LOAD ./Middlewares/ST/STM32_USB_Device_Library/Core/Src/usbd_ioreq.o
LOAD ./Middlewares/Third_Party/FatFs/src/diskio.o
LOAD ./Middlewares/Third_Party/FatFs/src/ff.o
LOAD ./Middlewares/Third_Party/FatFs/src/ff_gen_drv.o
LOAD ./Middlewares/Third_Party/FatFs/src/option/syscall.o
LOAD ./USB_Device/App/usb_device.o
LOAD ./USB_Device/App/usbd_desc.o
LOAD ./USB_Device/App/usbd_storage_if.o
LOAD ./USB_Device/Target/usbd_conf.o
START GROUP
LOAD c:/st/stm32cubeide_1.9.0/stm32cubeide/plugins/com.st.stm32cube.ide.mcu.externaltools.gnu-tools-for-stm32.10.3-2021.10.win32_1.0.0.202111181127/tools/bin/../lib/gcc/arm-none-eabi/10.3.1/../../../../arm-none-eabi/lib/thumb/v8-m.main+fp/hard\libstdc++_nano.a
LOAD c:/st/stm32cubeide_1.9.0/stm32cubeide/plugins/com.st.stm32cube.ide.mcu.externaltools.gnu-tools-for-stm32.10.3-2021.10.win32_1.0.0.202111181127/tools/bin/../lib/gcc/arm-none-eabi/10.3.1/../../../../arm-none-eabi/lib/thumb/v8-m.main+fp/hard\libsupc++_nano.a
END GROUP
LOAD c:/st/stm32cubeide_1.9.0/stm32cubeide/plugins/com.st.stm32cube.ide.mcu.externaltools.gnu-tools-for-stm32.10.3-2021.10.win32_1.0.0.202111181127/tools/bin/../lib/gcc/arm-none-eabi/10.3.1/../../../../arm-none-eabi/lib/thumb/v8-m.main+fp/hard\libstdc++_nano.a
LOAD c:/st/stm32cubeide_1.9.0/stm32cubeide/plugins/com.st.stm32cube.ide.mcu.externaltools.gnu-tools-for-stm32.10.3-2021.10.win32_1.0.0.202111181127/tools/bin/../lib/gcc/arm-none-eabi/10.3.1/../../../../arm-none-eabi/lib/thumb/v8-m.main+fp/hard\libm.a
LOAD c:/st/stm32cubeide_1.9.0/stm32cubeide/plugins/com.st.stm32cube.ide.mcu.externaltools.gnu-tools-for-stm32.10.3-2021.10.win32_1.0.0.202111181127/tools/bin/../lib/gcc/arm-none-eabi/10.3.1/../../../../arm-none-eabi/lib/thumb/v8-m.main+fp/hard\libc_nano.a
START GROUP
LOAD c:/st/stm32cubeide_1.9.0/stm32cubeide/plugins/com.st.stm32cube.ide.mcu.externaltools.gnu-tools-for-stm32.10.3-2021.10.win32_1.0.0.202111181127/tools/bin/../lib/gcc/arm-none-eabi/10.3.1/thumb/v8-m.main+fp/hard\libgcc.a
LOAD c:/st/stm32cubeide_1.9.0/stm32cubeide/plugins/com.st.stm32cube.ide.mcu.externaltools.gnu-tools-for-stm32.10.3-2021.10.win32_1.0.0.202111181127/tools/bin/../lib/gcc/arm-none-eabi/10.3.1/../../../../arm-none-eabi/lib/thumb/v8-m.main+fp/hard\libc_nano.a
END GROUP
START GROUP
LOAD c:/st/stm32cubeide_1.9.0/stm32cubeide/plugins/com.st.stm32cube.ide.mcu.externaltools.gnu-tools-for-stm32.10.3-2021.10.win32_1.0.0.202111181127/tools/bin/../lib/gcc/arm-none-eabi/10.3.1/thumb/v8-m.main+fp/hard\libgcc.a
LOAD c:/st/stm32cubeide_1.9.0/stm32cubeide/plugins/com.st.stm32cube.ide.mcu.externaltools.gnu-tools-for-stm32.10.3-2021.10.win32_1.0.0.202111181127/tools/bin/../lib/gcc/arm-none-eabi/10.3.1/../../../../arm-none-eabi/lib/thumb/v8-m.main+fp/hard\libc_nano.a
LOAD c:/st/stm32cubeide_1.9.0/stm32cubeide/plugins/com.st.stm32cube.ide.mcu.externaltools.gnu-tools-for-stm32.10.3-2021.10.win32_1.0.0.202111181127/tools/bin/../lib/gcc/arm-none-eabi/10.3.1/../../../../arm-none-eabi/lib/thumb/v8-m.main+fp/hard\libnosys.a
END GROUP
START GROUP
LOAD c:/st/stm32cubeide_1.9.0/stm32cubeide/plugins/com.st.stm32cube.ide.mcu.externaltools.gnu-tools-for-stm32.10.3-2021.10.win32_1.0.0.202111181127/tools/bin/../lib/gcc/arm-none-eabi/10.3.1/thumb/v8-m.main+fp/hard\libgcc.a
LOAD c:/st/stm32cubeide_1.9.0/stm32cubeide/plugins/com.st.stm32cube.ide.mcu.externaltools.gnu-tools-for-stm32.10.3-2021.10.win32_1.0.0.202111181127/tools/bin/../lib/gcc/arm-none-eabi/10.3.1/../../../../arm-none-eabi/lib/thumb/v8-m.main+fp/hard\libc_nano.a
LOAD c:/st/stm32cubeide_1.9.0/stm32cubeide/plugins/com.st.stm32cube.ide.mcu.externaltools.gnu-tools-for-stm32.10.3-2021.10.win32_1.0.0.202111181127/tools/bin/../lib/gcc/arm-none-eabi/10.3.1/../../../../arm-none-eabi/lib/thumb/v8-m.main+fp/hard\libnosys.a
END GROUP
LOAD c:/st/stm32cubeide_1.9.0/stm32cubeide/plugins/com.st.stm32cube.ide.mcu.externaltools.gnu-tools-for-stm32.10.3-2021.10.win32_1.0.0.202111181127/tools/bin/../lib/gcc/arm-none-eabi/10.3.1/thumb/v8-m.main+fp/hard/crtend.o
LOAD c:/st/stm32cubeide_1.9.0/stm32cubeide/plugins/com.st.stm32cube.ide.mcu.externaltools.gnu-tools-for-stm32.10.3-2021.10.win32_1.0.0.202111181127/tools/bin/../lib/gcc/arm-none-eabi/10.3.1/thumb/v8-m.main+fp/hard/crtn.o
                0x0000000020040000                _estack = (ORIGIN (RAM) + LENGTH (RAM))
                0x0000000000000200                _Min_Heap_Size = 0x200
                0x0000000000000400                _Min_Stack_Size = 0x400

.isr_vector     0x0000000008000000      0x1f4
                0x0000000008000000                . = ALIGN (0x4)
 *(.isr_vector)
 .isr_vector    0x0000000008000000      0x1f4 ./Core/Startup/startup_stm32l562vetxq.o
                0x0000000008000000                g_pfnVectors
                0x00000000080001f4                . = ALIGN (0x4)

.text           0x00000000080001f4     0xc1c0
                0x00000000080001f4                . = ALIGN (0x4)
 *(.text)
 .text          0x00000000080001f4       0x40 c:/st/stm32cubeide_1.9.0/stm32cubeide/plugins/com.st.stm32cube.ide.mcu.externaltools.gnu-tools-for-stm32.10.3-2021.10.win32_1.0.0.202111181127/tools/bin/../lib/gcc/arm-none-eabi/10.3.1/thumb/v8-m.main+fp/hard/crtbegin.o
 *(.text*)
 .text.main     0x0000000008000234       0xb4 ./Core/Src/main.o
                0x0000000008000234                main
 .text.SystemClock_Config
                0x00000000080002e8       0x9c ./Core/Src/main.o
                0x00000000080002e8                SystemClock_Config
 .text.MX_I2C1_Init
                0x0000000008000384       0x80 ./Core/Src/main.o
 .text.MX_ICACHE_Init
                0x0000000008000404       0x16 ./Core/Src/main.o
 *fill*         0x000000000800041a        0x2 
 .text.MX_TIM4_Init
                0x000000000800041c       0xec ./Core/Src/main.o
 .text.MX_GPIO_Init
                0x0000000008000508       0xc8 ./Core/Src/main.o
 .text.Error_Handler
                0x00000000080005d0        0xa ./Core/Src/main.o
                0x00000000080005d0                Error_Handler
 *fill*         0x00000000080005da        0x2 
 .text.HAL_MspInit
                0x00000000080005dc       0x48 ./Core/Src/stm32l5xx_hal_msp.o
                0x00000000080005dc                HAL_MspInit
 .text.HAL_I2C_MspInit
                0x0000000008000624       0xbc ./Core/Src/stm32l5xx_hal_msp.o
                0x0000000008000624                HAL_I2C_MspInit
 .text.HAL_TIM_Base_MspInit
                0x00000000080006e0       0x40 ./Core/Src/stm32l5xx_hal_msp.o
                0x00000000080006e0                HAL_TIM_Base_MspInit
 .text.HAL_TIM_MspPostInit
                0x0000000008000720       0x70 ./Core/Src/stm32l5xx_hal_msp.o
                0x0000000008000720                HAL_TIM_MspPostInit
 .text.NMI_Handler
                0x0000000008000790        0x6 ./Core/Src/stm32l5xx_it.o
                0x0000000008000790                NMI_Handler
 .text.HardFault_Handler
                0x0000000008000796        0x6 ./Core/Src/stm32l5xx_it.o
                0x0000000008000796                HardFault_Handler
 .text.MemManage_Handler
                0x000000000800079c        0x6 ./Core/Src/stm32l5xx_it.o
                0x000000000800079c                MemManage_Handler
 .text.BusFault_Handler
                0x00000000080007a2        0x6 ./Core/Src/stm32l5xx_it.o
                0x00000000080007a2                BusFault_Handler
 .text.UsageFault_Handler
                0x00000000080007a8        0x6 ./Core/Src/stm32l5xx_it.o
                0x00000000080007a8                UsageFault_Handler
 .text.SVC_Handler
                0x00000000080007ae        0xe ./Core/Src/stm32l5xx_it.o
                0x00000000080007ae                SVC_Handler
 .text.DebugMon_Handler
                0x00000000080007bc        0xe ./Core/Src/stm32l5xx_it.o
                0x00000000080007bc                DebugMon_Handler
 .text.PendSV_Handler
                0x00000000080007ca        0xe ./Core/Src/stm32l5xx_it.o
                0x00000000080007ca                PendSV_Handler
 .text.SysTick_Handler
                0x00000000080007d8        0xc ./Core/Src/stm32l5xx_it.o
                0x00000000080007d8                SysTick_Handler
 .text.USB_FS_IRQHandler
                0x00000000080007e4       0x14 ./Core/Src/stm32l5xx_it.o
                0x00000000080007e4                USB_FS_IRQHandler
 .text.SystemInit
                0x00000000080007f8       0x24 ./Core/Src/system_stm32l5xx.o
                0x00000000080007f8                SystemInit
 .text.SystemCoreClockUpdate
                0x000000000800081c      0x15c ./Core/Src/system_stm32l5xx.o
                0x000000000800081c                SystemCoreClockUpdate
 .text.Reset_Handler
                0x0000000008000978       0x50 ./Core/Startup/startup_stm32l562vetxq.o
                0x0000000008000978                Reset_Handler
 .text.Default_Handler
                0x00000000080009c8        0x2 ./Core/Startup/startup_stm32l562vetxq.o
                0x00000000080009c8                EXTI2_IRQHandler
                0x00000000080009c8                TIM8_TRG_COM_IRQHandler
                0x00000000080009c8                TIM8_CC_IRQHandler
                0x00000000080009c8                EXTI5_IRQHandler
                0x00000000080009c8                FLASH_S_IRQHandler
                0x00000000080009c8                EXTI13_IRQHandler
                0x00000000080009c8                TIM1_CC_IRQHandler
                0x00000000080009c8                TSC_IRQHandler
                0x00000000080009c8                TAMP_IRQHandler
                0x00000000080009c8                TIM6_IRQHandler
                0x00000000080009c8                EXTI12_IRQHandler
                0x00000000080009c8                DMA2_Channel8_IRQHandler
                0x00000000080009c8                EXTI3_IRQHandler
                0x00000000080009c8                EXTI8_IRQHandler
                0x00000000080009c8                LPTIM2_IRQHandler
                0x00000000080009c8                DFSDM1_FLT1_IRQHandler
                0x00000000080009c8                I2C3_ER_IRQHandler
                0x00000000080009c8                DFSDM1_FLT2_IRQHandler
                0x00000000080009c8                DMAMUX1_IRQHandler
                0x00000000080009c8                LPTIM3_IRQHandler
                0x00000000080009c8                EXTI0_IRQHandler
                0x00000000080009c8                I2C2_EV_IRQHandler
                0x00000000080009c8                FPU_IRQHandler
                0x00000000080009c8                FDCAN1_IT1_IRQHandler
                0x00000000080009c8                ADC1_2_IRQHandler
                0x00000000080009c8                SPI1_IRQHandler
                0x00000000080009c8                OCTOSPI1_IRQHandler
                0x00000000080009c8                TIM8_UP_IRQHandler
                0x00000000080009c8                RCC_S_IRQHandler
                0x00000000080009c8                DMA2_Channel2_IRQHandler
                0x00000000080009c8                DMA1_Channel4_IRQHandler
                0x00000000080009c8                SAI2_IRQHandler
                0x00000000080009c8                DFSDM1_FLT3_IRQHandler
                0x00000000080009c8                PKA_IRQHandler
                0x00000000080009c8                EXTI15_IRQHandler
                0x00000000080009c8                TIM17_IRQHandler
                0x00000000080009c8                USART3_IRQHandler
                0x00000000080009c8                RTC_IRQHandler
                0x00000000080009c8                EXTI9_IRQHandler
                0x00000000080009c8                DMA1_Channel7_IRQHandler
                0x00000000080009c8                UART5_IRQHandler
                0x00000000080009c8                TIM4_IRQHandler
                0x00000000080009c8                DMA2_Channel1_IRQHandler
                0x00000000080009c8                I2C1_EV_IRQHandler
                0x00000000080009c8                DMA1_Channel6_IRQHandler
                0x00000000080009c8                TIM16_IRQHandler
                0x00000000080009c8                UART4_IRQHandler
                0x00000000080009c8                DMA2_Channel4_IRQHandler
                0x00000000080009c8                SecureFault_Handler
                0x00000000080009c8                TIM3_IRQHandler
                0x00000000080009c8                RCC_IRQHandler
                0x00000000080009c8                TIM1_TRG_COM_IRQHandler
                0x00000000080009c8                DMA1_Channel1_IRQHandler
                0x00000000080009c8                Default_Handler
                0x00000000080009c8                DMA2_Channel7_IRQHandler
                0x00000000080009c8                OTFDEC1_IRQHandler
                0x00000000080009c8                DMA1_Channel8_IRQHandler
                0x00000000080009c8                TIM7_IRQHandler
                0x00000000080009c8                SDMMC1_IRQHandler
                0x00000000080009c8                TIM5_IRQHandler
                0x00000000080009c8                UCPD1_IRQHandler
                0x00000000080009c8                TIM15_IRQHandler
                0x00000000080009c8                I2C3_EV_IRQHandler
                0x00000000080009c8                PVD_PVM_IRQHandler
                0x00000000080009c8                SPI2_IRQHandler
                0x00000000080009c8                EXTI14_IRQHandler
                0x00000000080009c8                EXTI11_IRQHandler
                0x00000000080009c8                DMA2_Channel5_IRQHandler
                0x00000000080009c8                CRS_IRQHandler
                0x00000000080009c8                DMA1_Channel5_IRQHandler
                0x00000000080009c8                EXTI4_IRQHandler
                0x00000000080009c8                RTC_S_IRQHandler
                0x00000000080009c8                RNG_IRQHandler
                0x00000000080009c8                DMAMUX1_S_IRQHandler
                0x00000000080009c8                DMA1_Channel3_IRQHandler
                0x00000000080009c8                COMP_IRQHandler
                0x00000000080009c8                TIM1_UP_IRQHandler
                0x00000000080009c8                WWDG_IRQHandler
                0x00000000080009c8                I2C4_EV_IRQHandler
                0x00000000080009c8                LPUART1_IRQHandler
                0x00000000080009c8                DMA2_Channel6_IRQHandler
                0x00000000080009c8                FDCAN1_IT0_IRQHandler
                0x00000000080009c8                TIM2_IRQHandler
                0x00000000080009c8                TAMP_S_IRQHandler
                0x00000000080009c8                EXTI7_IRQHandler
                0x00000000080009c8                TIM1_BRK_IRQHandler
                0x00000000080009c8                DAC_IRQHandler
                0x00000000080009c8                EXTI1_IRQHandler
                0x00000000080009c8                AES_IRQHandler
                0x00000000080009c8                GTZC_IRQHandler
                0x00000000080009c8                USART2_IRQHandler
                0x00000000080009c8                DFSDM1_FLT0_IRQHandler
                0x00000000080009c8                I2C2_ER_IRQHandler
                0x00000000080009c8                DMA1_Channel2_IRQHandler
                0x00000000080009c8                TIM8_BRK_IRQHandler
                0x00000000080009c8                FLASH_IRQHandler
                0x00000000080009c8                USART1_IRQHandler
                0x00000000080009c8                EXTI10_IRQHandler
                0x00000000080009c8                SPI3_IRQHandler
                0x00000000080009c8                I2C1_ER_IRQHandler
                0x00000000080009c8                FMC_IRQHandler
                0x00000000080009c8                EXTI6_IRQHandler
                0x00000000080009c8                LPTIM1_IRQHandler
                0x00000000080009c8                I2C4_ER_IRQHandler
                0x00000000080009c8                ICACHE_IRQHandler
                0x00000000080009c8                SAI1_IRQHandler
                0x00000000080009c8                HASH_IRQHandler
                0x00000000080009c8                DMA2_Channel3_IRQHandler
 .text.HAL_Init
                0x00000000080009ca       0x34 ./Drivers/STM32L5xx_HAL_Driver/Src/stm32l5xx_hal.o
                0x00000000080009ca                HAL_Init
 *fill*         0x00000000080009fe        0x2 
 .text.HAL_InitTick
                0x0000000008000a00       0x78 ./Drivers/STM32L5xx_HAL_Driver/Src/stm32l5xx_hal.o
                0x0000000008000a00                HAL_InitTick
 .text.HAL_IncTick
                0x0000000008000a78       0x28 ./Drivers/STM32L5xx_HAL_Driver/Src/stm32l5xx_hal.o
                0x0000000008000a78                HAL_IncTick
 .text.HAL_GetTick
                0x0000000008000aa0       0x18 ./Drivers/STM32L5xx_HAL_Driver/Src/stm32l5xx_hal.o
                0x0000000008000aa0                HAL_GetTick
 .text.__NVIC_SetPriorityGrouping
                0x0000000008000ab8       0x48 ./Drivers/STM32L5xx_HAL_Driver/Src/stm32l5xx_hal_cortex.o
 .text.__NVIC_GetPriorityGrouping
                0x0000000008000b00       0x1c ./Drivers/STM32L5xx_HAL_Driver/Src/stm32l5xx_hal_cortex.o
 .text.__NVIC_EnableIRQ
                0x0000000008000b1c       0x3c ./Drivers/STM32L5xx_HAL_Driver/Src/stm32l5xx_hal_cortex.o
 .text.__NVIC_SetPriority
                0x0000000008000b58       0x54 ./Drivers/STM32L5xx_HAL_Driver/Src/stm32l5xx_hal_cortex.o
 .text.NVIC_EncodePriority
                0x0000000008000bac       0x66 ./Drivers/STM32L5xx_HAL_Driver/Src/stm32l5xx_hal_cortex.o
 *fill*         0x0000000008000c12        0x2 
 .text.SysTick_Config
                0x0000000008000c14       0x44 ./Drivers/STM32L5xx_HAL_Driver/Src/stm32l5xx_hal_cortex.o
 .text.HAL_NVIC_SetPriorityGrouping
                0x0000000008000c58       0x16 ./Drivers/STM32L5xx_HAL_Driver/Src/stm32l5xx_hal_cortex.o
                0x0000000008000c58                HAL_NVIC_SetPriorityGrouping
 .text.HAL_NVIC_SetPriority
                0x0000000008000c6e       0x34 ./Drivers/STM32L5xx_HAL_Driver/Src/stm32l5xx_hal_cortex.o
                0x0000000008000c6e                HAL_NVIC_SetPriority
 .text.HAL_NVIC_EnableIRQ
                0x0000000008000ca2       0x1c ./Drivers/STM32L5xx_HAL_Driver/Src/stm32l5xx_hal_cortex.o
                0x0000000008000ca2                HAL_NVIC_EnableIRQ
 .text.HAL_SYSTICK_Config
                0x0000000008000cbe       0x18 ./Drivers/STM32L5xx_HAL_Driver/Src/stm32l5xx_hal_cortex.o
                0x0000000008000cbe                HAL_SYSTICK_Config
 *fill*         0x0000000008000cd6        0x2 
 .text.HAL_GPIO_Init
                0x0000000008000cd8      0x300 ./Drivers/STM32L5xx_HAL_Driver/Src/stm32l5xx_hal_gpio.o
                0x0000000008000cd8                HAL_GPIO_Init
 .text.HAL_GPIO_WritePin
                0x0000000008000fd8       0x30 ./Drivers/STM32L5xx_HAL_Driver/Src/stm32l5xx_hal_gpio.o
                0x0000000008000fd8                HAL_GPIO_WritePin
 .text.HAL_I2C_Init
                0x0000000008001008      0x11e ./Drivers/STM32L5xx_HAL_Driver/Src/stm32l5xx_hal_i2c.o
                0x0000000008001008                HAL_I2C_Init
 *fill*         0x0000000008001126        0x2 
 .text.HAL_I2C_Master_Transmit
                0x0000000008001128      0x1e8 ./Drivers/STM32L5xx_HAL_Driver/Src/stm32l5xx_hal_i2c.o
                0x0000000008001128                HAL_I2C_Master_Transmit
 .text.HAL_I2C_Master_Receive
                0x0000000008001310      0x1ec ./Drivers/STM32L5xx_HAL_Driver/Src/stm32l5xx_hal_i2c.o
                0x0000000008001310                HAL_I2C_Master_Receive
 .text.I2C_Flush_TXDR
                0x00000000080014fc       0x48 ./Drivers/STM32L5xx_HAL_Driver/Src/stm32l5xx_hal_i2c.o
 .text.I2C_WaitOnFlagUntilTimeout
                0x0000000008001544       0x80 ./Drivers/STM32L5xx_HAL_Driver/Src/stm32l5xx_hal_i2c.o
 .text.I2C_WaitOnTXISFlagUntilTimeout
                0x00000000080015c4       0x80 ./Drivers/STM32L5xx_HAL_Driver/Src/stm32l5xx_hal_i2c.o
 .text.I2C_WaitOnSTOPFlagUntilTimeout
                0x0000000008001644       0x78 ./Drivers/STM32L5xx_HAL_Driver/Src/stm32l5xx_hal_i2c.o
 .text.I2C_WaitOnRXNEFlagUntilTimeout
                0x00000000080016bc       0xd8 ./Drivers/STM32L5xx_HAL_Driver/Src/stm32l5xx_hal_i2c.o
 .text.I2C_IsAcknowledgeFailed
                0x0000000008001794       0xcc ./Drivers/STM32L5xx_HAL_Driver/Src/stm32l5xx_hal_i2c.o
 .text.I2C_TransferConfig
                0x0000000008001860       0x5c ./Drivers/STM32L5xx_HAL_Driver/Src/stm32l5xx_hal_i2c.o
 .text.HAL_I2CEx_ConfigAnalogFilter
                0x00000000080018bc       0x96 ./Drivers/STM32L5xx_HAL_Driver/Src/stm32l5xx_hal_i2c_ex.o
                0x00000000080018bc                HAL_I2CEx_ConfigAnalogFilter
 .text.HAL_I2CEx_ConfigDigitalFilter
                0x0000000008001952       0x98 ./Drivers/STM32L5xx_HAL_Driver/Src/stm32l5xx_hal_i2c_ex.o
                0x0000000008001952                HAL_I2CEx_ConfigDigitalFilter
 *fill*         0x00000000080019ea        0x2 
 .text.HAL_ICACHE_Enable
                0x00000000080019ec       0x20 ./Drivers/STM32L5xx_HAL_Driver/Src/stm32l5xx_hal_icache.o
                0x00000000080019ec                HAL_ICACHE_Enable
 .text.HAL_PCD_Init
                0x0000000008001a0c      0x1ca ./Drivers/STM32L5xx_HAL_Driver/Src/stm32l5xx_hal_pcd.o
                0x0000000008001a0c                HAL_PCD_Init
 .text.HAL_PCD_Start
                0x0000000008001bd6       0x44 ./Drivers/STM32L5xx_HAL_Driver/Src/stm32l5xx_hal_pcd.o
                0x0000000008001bd6                HAL_PCD_Start
 .text.HAL_PCD_IRQHandler
                0x0000000008001c1a      0x29c ./Drivers/STM32L5xx_HAL_Driver/Src/stm32l5xx_hal_pcd.o
                0x0000000008001c1a                HAL_PCD_IRQHandler
 .text.HAL_PCD_SetAddress
                0x0000000008001eb6       0x4a ./Drivers/STM32L5xx_HAL_Driver/Src/stm32l5xx_hal_pcd.o
                0x0000000008001eb6                HAL_PCD_SetAddress
 .text.HAL_PCD_EP_Open
                0x0000000008001f00       0xcc ./Drivers/STM32L5xx_HAL_Driver/Src/stm32l5xx_hal_pcd.o
                0x0000000008001f00                HAL_PCD_EP_Open
 .text.HAL_PCD_EP_Close
                0x0000000008001fcc       0x90 ./Drivers/STM32L5xx_HAL_Driver/Src/stm32l5xx_hal_pcd.o
                0x0000000008001fcc                HAL_PCD_EP_Close
 .text.HAL_PCD_EP_Receive
                0x000000000800205c       0x7a ./Drivers/STM32L5xx_HAL_Driver/Src/stm32l5xx_hal_pcd.o
                0x000000000800205c                HAL_PCD_EP_Receive
 .text.HAL_PCD_EP_GetRxCount
                0x00000000080020d6       0x30 ./Drivers/STM32L5xx_HAL_Driver/Src/stm32l5xx_hal_pcd.o
                0x00000000080020d6                HAL_PCD_EP_GetRxCount
 .text.HAL_PCD_EP_Transmit
                0x0000000008002106       0x86 ./Drivers/STM32L5xx_HAL_Driver/Src/stm32l5xx_hal_pcd.o
                0x0000000008002106                HAL_PCD_EP_Transmit
 .text.HAL_PCD_EP_SetStall
                0x000000000800218c       0xa4 ./Drivers/STM32L5xx_HAL_Driver/Src/stm32l5xx_hal_pcd.o
                0x000000000800218c                HAL_PCD_EP_SetStall
 .text.HAL_PCD_EP_ClrStall
                0x0000000008002230       0xa8 ./Drivers/STM32L5xx_HAL_Driver/Src/stm32l5xx_hal_pcd.o
                0x0000000008002230                HAL_PCD_EP_ClrStall
 .text.HAL_PCD_EP_Flush
                0x00000000080022d8       0x1a ./Drivers/STM32L5xx_HAL_Driver/Src/stm32l5xx_hal_pcd.o
                0x00000000080022d8                HAL_PCD_EP_Flush
 .text.PCD_EP_ISR_Handler
                0x00000000080022f2      0x5d4 ./Drivers/STM32L5xx_HAL_Driver/Src/stm32l5xx_hal_pcd.o
 .text.HAL_PCD_EP_DB_Receive
                0x00000000080028c6      0x212 ./Drivers/STM32L5xx_HAL_Driver/Src/stm32l5xx_hal_pcd.o
 .text.HAL_PCD_EP_DB_Transmit
                0x0000000008002ad8      0x79c ./Drivers/STM32L5xx_HAL_Driver/Src/stm32l5xx_hal_pcd.o
 .text.HAL_PCDEx_PMAConfig
                0x0000000008003274       0x86 ./Drivers/STM32L5xx_HAL_Driver/Src/stm32l5xx_hal_pcd_ex.o
                0x0000000008003274                HAL_PCDEx_PMAConfig
 .text.HAL_PCDEx_ActivateLPM
                0x00000000080032fa       0x54 ./Drivers/STM32L5xx_HAL_Driver/Src/stm32l5xx_hal_pcd_ex.o
                0x00000000080032fa                HAL_PCDEx_ActivateLPM
 *fill*         0x000000000800334e        0x2 
 .text.HAL_PWREx_GetVoltageRange
                0x0000000008003350       0x1c ./Drivers/STM32L5xx_HAL_Driver/Src/stm32l5xx_hal_pwr_ex.o
                0x0000000008003350                HAL_PWREx_GetVoltageRange
 .text.HAL_PWREx_ControlVoltageScaling
                0x000000000800336c       0xb8 ./Drivers/STM32L5xx_HAL_Driver/Src/stm32l5xx_hal_pwr_ex.o
                0x000000000800336c                HAL_PWREx_ControlVoltageScaling
 .text.HAL_PWREx_EnableVddUSB
                0x0000000008003424       0x20 ./Drivers/STM32L5xx_HAL_Driver/Src/stm32l5xx_hal_pwr_ex.o
                0x0000000008003424                HAL_PWREx_EnableVddUSB
 .text.HAL_PWREx_DisableUCPDDeadBattery
                0x0000000008003444       0x20 ./Drivers/STM32L5xx_HAL_Driver/Src/stm32l5xx_hal_pwr_ex.o
                0x0000000008003444                HAL_PWREx_DisableUCPDDeadBattery
 .text.HAL_PWREx_SMPS_GetEffectiveMode
                0x0000000008003464       0x48 ./Drivers/STM32L5xx_HAL_Driver/Src/stm32l5xx_hal_pwr_ex.o
                0x0000000008003464                HAL_PWREx_SMPS_GetEffectiveMode
 .text.HAL_RCC_OscConfig
                0x00000000080034ac      0x9c4 ./Drivers/STM32L5xx_HAL_Driver/Src/stm32l5xx_hal_rcc.o
                0x00000000080034ac                HAL_RCC_OscConfig
 .text.HAL_RCC_ClockConfig
                0x0000000008003e70      0x250 ./Drivers/STM32L5xx_HAL_Driver/Src/stm32l5xx_hal_rcc.o
                0x0000000008003e70                HAL_RCC_ClockConfig
 .text.HAL_RCC_GetSysClockFreq
                0x00000000080040c0      0x13c ./Drivers/STM32L5xx_HAL_Driver/Src/stm32l5xx_hal_rcc.o
                0x00000000080040c0                HAL_RCC_GetSysClockFreq
 .text.HAL_RCC_GetHCLKFreq
                0x00000000080041fc       0x28 ./Drivers/STM32L5xx_HAL_Driver/Src/stm32l5xx_hal_rcc.o
                0x00000000080041fc                HAL_RCC_GetHCLKFreq
 .text.RCC_SetFlashLatencyFromMSIRange
                0x0000000008004224       0xc8 ./Drivers/STM32L5xx_HAL_Driver/Src/stm32l5xx_hal_rcc.o
 .text.RCC_GetSysClockFreqFromPLLSource
                0x00000000080042ec       0xf4 ./Drivers/STM32L5xx_HAL_Driver/Src/stm32l5xx_hal_rcc.o
 .text.HAL_RCCEx_PeriphCLKConfig
                0x00000000080043e0      0x708 ./Drivers/STM32L5xx_HAL_Driver/Src/stm32l5xx_hal_rcc_ex.o
                0x00000000080043e0                HAL_RCCEx_PeriphCLKConfig
 .text.RCCEx_PLLSAI1_Config
                0x0000000008004ae8      0x1cc ./Drivers/STM32L5xx_HAL_Driver/Src/stm32l5xx_hal_rcc_ex.o
 .text.RCCEx_PLLSAI2_Config
                0x0000000008004cb4      0x158 ./Drivers/STM32L5xx_HAL_Driver/Src/stm32l5xx_hal_rcc_ex.o
 .text.HAL_TIM_Base_Init
                0x0000000008004e0c       0xae ./Drivers/STM32L5xx_HAL_Driver/Src/stm32l5xx_hal_tim.o
                0x0000000008004e0c                HAL_TIM_Base_Init
 .text.HAL_TIM_PWM_Init
                0x0000000008004eba       0xae ./Drivers/STM32L5xx_HAL_Driver/Src/stm32l5xx_hal_tim.o
                0x0000000008004eba                HAL_TIM_PWM_Init
 .text.HAL_TIM_PWM_MspInit
                0x0000000008004f68       0x14 ./Drivers/STM32L5xx_HAL_Driver/Src/stm32l5xx_hal_tim.o
                0x0000000008004f68                HAL_TIM_PWM_MspInit
 .text.HAL_TIM_PWM_Start
                0x0000000008004f7c      0x20c ./Drivers/STM32L5xx_HAL_Driver/Src/stm32l5xx_hal_tim.o
                0x0000000008004f7c                HAL_TIM_PWM_Start
 .text.HAL_TIM_PWM_ConfigChannel
                0x0000000008005188      0x220 ./Drivers/STM32L5xx_HAL_Driver/Src/stm32l5xx_hal_tim.o
                0x0000000008005188                HAL_TIM_PWM_ConfigChannel
 .text.HAL_TIM_ConfigClockSource
                0x00000000080053a8      0x18c ./Drivers/STM32L5xx_HAL_Driver/Src/stm32l5xx_hal_tim.o
                0x00000000080053a8                HAL_TIM_ConfigClockSource
 .text.TIM_Base_SetConfig
                0x0000000008005534      0x134 ./Drivers/STM32L5xx_HAL_Driver/Src/stm32l5xx_hal_tim.o
                0x0000000008005534                TIM_Base_SetConfig
 .text.TIM_OC1_SetConfig
                0x0000000008005668      0x120 ./Drivers/STM32L5xx_HAL_Driver/Src/stm32l5xx_hal_tim.o
 .text.TIM_OC2_SetConfig
                0x0000000008005788      0x114 ./Drivers/STM32L5xx_HAL_Driver/Src/stm32l5xx_hal_tim.o
                0x0000000008005788                TIM_OC2_SetConfig
 .text.TIM_OC3_SetConfig
                0x000000000800589c      0x110 ./Drivers/STM32L5xx_HAL_Driver/Src/stm32l5xx_hal_tim.o
 .text.TIM_OC4_SetConfig
                0x00000000080059ac       0xd4 ./Drivers/STM32L5xx_HAL_Driver/Src/stm32l5xx_hal_tim.o
 .text.TIM_OC5_SetConfig
                0x0000000008005a80       0xc8 ./Drivers/STM32L5xx_HAL_Driver/Src/stm32l5xx_hal_tim.o
 .text.TIM_OC6_SetConfig
                0x0000000008005b48       0xcc ./Drivers/STM32L5xx_HAL_Driver/Src/stm32l5xx_hal_tim.o
 .text.TIM_TI1_ConfigInputStage
                0x0000000008005c14       0x5e ./Drivers/STM32L5xx_HAL_Driver/Src/stm32l5xx_hal_tim.o
 .text.TIM_TI2_ConfigInputStage
                0x0000000008005c72       0x60 ./Drivers/STM32L5xx_HAL_Driver/Src/stm32l5xx_hal_tim.o
 .text.TIM_ITRx_SetConfig
                0x0000000008005cd2       0x3a ./Drivers/STM32L5xx_HAL_Driver/Src/stm32l5xx_hal_tim.o
 .text.TIM_ETR_SetConfig
                0x0000000008005d0c       0x40 ./Drivers/STM32L5xx_HAL_Driver/Src/stm32l5xx_hal_tim.o
                0x0000000008005d0c                TIM_ETR_SetConfig
 .text.TIM_CCxChannelCmd
                0x0000000008005d4c       0x4a ./Drivers/STM32L5xx_HAL_Driver/Src/stm32l5xx_hal_tim.o
                0x0000000008005d4c                TIM_CCxChannelCmd
 *fill*         0x0000000008005d96        0x2 
 .text.HAL_TIMEx_MasterConfigSynchronization
                0x0000000008005d98      0x110 ./Drivers/STM32L5xx_HAL_Driver/Src/stm32l5xx_hal_tim_ex.o
                0x0000000008005d98                HAL_TIMEx_MasterConfigSynchronization
 .text.USB_EnableGlobalInt
                0x0000000008005ea8       0x2e ./Drivers/STM32L5xx_HAL_Driver/Src/stm32l5xx_ll_usb.o
                0x0000000008005ea8                USB_EnableGlobalInt
 .text.USB_DisableGlobalInt
                0x0000000008005ed6       0x36 ./Drivers/STM32L5xx_HAL_Driver/Src/stm32l5xx_ll_usb.o
                0x0000000008005ed6                USB_DisableGlobalInt
 .text.USB_DevInit
                0x0000000008005f0c       0x42 ./Drivers/STM32L5xx_HAL_Driver/Src/stm32l5xx_ll_usb.o
                0x0000000008005f0c                USB_DevInit
 *fill*         0x0000000008005f4e        0x2 
 .text.USB_ActivateEndpoint
                0x0000000008005f50      0x6dc ./Drivers/STM32L5xx_HAL_Driver/Src/stm32l5xx_ll_usb.o
                0x0000000008005f50                USB_ActivateEndpoint
 .text.USB_DeactivateEndpoint
                0x000000000800662c      0x3da ./Drivers/STM32L5xx_HAL_Driver/Src/stm32l5xx_ll_usb.o
                0x000000000800662c                USB_DeactivateEndpoint
 .text.USB_EPStartXfer
                0x0000000008006a06     0x1c70 ./Drivers/STM32L5xx_HAL_Driver/Src/stm32l5xx_ll_usb.o
                0x0000000008006a06                USB_EPStartXfer
 .text.USB_EPSetStall
                0x0000000008008676       0xa2 ./Drivers/STM32L5xx_HAL_Driver/Src/stm32l5xx_ll_usb.o
                0x0000000008008676                USB_EPSetStall
 .text.USB_EPClearStall
                0x0000000008008718      0x15c ./Drivers/STM32L5xx_HAL_Driver/Src/stm32l5xx_ll_usb.o
                0x0000000008008718                USB_EPClearStall
 .text.USB_SetDevAddress
                0x0000000008008874       0x28 ./Drivers/STM32L5xx_HAL_Driver/Src/stm32l5xx_ll_usb.o
                0x0000000008008874                USB_SetDevAddress
 .text.USB_DevConnect
                0x000000000800889c       0x2e ./Drivers/STM32L5xx_HAL_Driver/Src/stm32l5xx_ll_usb.o
                0x000000000800889c                USB_DevConnect
 .text.USB_ReadInterrupts
                0x00000000080088ca       0x20 ./Drivers/STM32L5xx_HAL_Driver/Src/stm32l5xx_ll_usb.o
                0x00000000080088ca                USB_ReadInterrupts
 .text.USB_WritePMA
                0x00000000080088ea       0x84 ./Drivers/STM32L5xx_HAL_Driver/Src/stm32l5xx_ll_usb.o
                0x00000000080088ea                USB_WritePMA
 .text.USB_ReadPMA
                0x000000000800896e       0x98 ./Drivers/STM32L5xx_HAL_Driver/Src/stm32l5xx_ll_usb.o
                0x000000000800896e                USB_ReadPMA
 *fill*         0x0000000008008a06        0x2 
 .text.MX_FATFS_Init
                0x0000000008008a08       0x30 ./FATFS/App/app_fatfs.o
                0x0000000008008a08                MX_FATFS_Init
 .text.USER_initialize
                0x0000000008008a38       0x28 ./FATFS/Target/user_diskio.o
                0x0000000008008a38                USER_initialize
 .text.USER_status
                0x0000000008008a60       0x28 ./FATFS/Target/user_diskio.o
                0x0000000008008a60                USER_status
 .text.USER_read
                0x0000000008008a88       0x1e ./FATFS/Target/user_diskio.o
                0x0000000008008a88                USER_read
 .text.USER_write
                0x0000000008008aa6       0x1e ./FATFS/Target/user_diskio.o
                0x0000000008008aa6                USER_write
 .text.USER_ioctl
                0x0000000008008ac4       0x22 ./FATFS/Target/user_diskio.o
                0x0000000008008ac4                USER_ioctl
 .text.USBD_MSC_Init
                0x0000000008008ae6       0x9a ./Middlewares/ST/STM32_USB_Device_Library/Class/MSC/Src/usbd_msc.o
                0x0000000008008ae6                USBD_MSC_Init
 .text.USBD_MSC_DeInit
                0x0000000008008b80       0x58 ./Middlewares/ST/STM32_USB_Device_Library/Class/MSC/Src/usbd_msc.o
                0x0000000008008b80                USBD_MSC_DeInit
 .text.USBD_MSC_Setup
                0x0000000008008bd8      0x1e4 ./Middlewares/ST/STM32_USB_Device_Library/Class/MSC/Src/usbd_msc.o
                0x0000000008008bd8                USBD_MSC_Setup
 .text.USBD_MSC_DataIn
                0x0000000008008dbc       0x20 ./Middlewares/ST/STM32_USB_Device_Library/Class/MSC/Src/usbd_msc.o
                0x0000000008008dbc                USBD_MSC_DataIn
 .text.USBD_MSC_DataOut
                0x0000000008008ddc       0x20 ./Middlewares/ST/STM32_USB_Device_Library/Class/MSC/Src/usbd_msc.o
                0x0000000008008ddc                USBD_MSC_DataOut
 .text.USBD_MSC_GetHSCfgDesc
                0x0000000008008dfc       0x20 ./Middlewares/ST/STM32_USB_Device_Library/Class/MSC/Src/usbd_msc.o
                0x0000000008008dfc                USBD_MSC_GetHSCfgDesc
 .text.USBD_MSC_GetFSCfgDesc
                0x0000000008008e1c       0x20 ./Middlewares/ST/STM32_USB_Device_Library/Class/MSC/Src/usbd_msc.o
                0x0000000008008e1c                USBD_MSC_GetFSCfgDesc
 .text.USBD_MSC_GetOtherSpeedCfgDesc
                0x0000000008008e3c       0x20 ./Middlewares/ST/STM32_USB_Device_Library/Class/MSC/Src/usbd_msc.o
                0x0000000008008e3c                USBD_MSC_GetOtherSpeedCfgDesc
 .text.USBD_MSC_GetDeviceQualifierDescriptor
                0x0000000008008e5c       0x20 ./Middlewares/ST/STM32_USB_Device_Library/Class/MSC/Src/usbd_msc.o
                0x0000000008008e5c                USBD_MSC_GetDeviceQualifierDescriptor
 .text.USBD_MSC_RegisterStorage
                0x0000000008008e7c       0x2a ./Middlewares/ST/STM32_USB_Device_Library/Class/MSC/Src/usbd_msc.o
                0x0000000008008e7c                USBD_MSC_RegisterStorage
 .text.MSC_BOT_Init
                0x0000000008008ea6       0x70 ./Middlewares/ST/STM32_USB_Device_Library/Class/MSC/Src/usbd_msc_bot.o
                0x0000000008008ea6                MSC_BOT_Init
 .text.MSC_BOT_Reset
                0x0000000008008f16       0x4c ./Middlewares/ST/STM32_USB_Device_Library/Class/MSC/Src/usbd_msc_bot.o
                0x0000000008008f16                MSC_BOT_Reset
 .text.MSC_BOT_DeInit
                0x0000000008008f62       0x28 ./Middlewares/ST/STM32_USB_Device_Library/Class/MSC/Src/usbd_msc_bot.o
                0x0000000008008f62                MSC_BOT_DeInit
 .text.MSC_BOT_DataIn
                0x0000000008008f8a       0x6c ./Middlewares/ST/STM32_USB_Device_Library/Class/MSC/Src/usbd_msc_bot.o
                0x0000000008008f8a                MSC_BOT_DataIn
 .text.MSC_BOT_DataOut
                0x0000000008008ff6       0x60 ./Middlewares/ST/STM32_USB_Device_Library/Class/MSC/Src/usbd_msc_bot.o
                0x0000000008008ff6                MSC_BOT_DataOut
 *fill*         0x0000000008009056        0x2 
 .text.MSC_BOT_CBW_Decode
                0x0000000008009058      0x118 ./Middlewares/ST/STM32_USB_Device_Library/Class/MSC/Src/usbd_msc_bot.o
 .text.MSC_BOT_SendData
                0x0000000008009170       0x5e ./Middlewares/ST/STM32_USB_Device_Library/Class/MSC/Src/usbd_msc_bot.o
 *fill*         0x00000000080091ce        0x2 
 .text.MSC_BOT_SendCSW
                0x00000000080091d0       0x60 ./Middlewares/ST/STM32_USB_Device_Library/Class/MSC/Src/usbd_msc_bot.o
                0x00000000080091d0                MSC_BOT_SendCSW
 .text.MSC_BOT_Abort
                0x0000000008009230       0x64 ./Middlewares/ST/STM32_USB_Device_Library/Class/MSC/Src/usbd_msc_bot.o
 .text.MSC_BOT_CplClrFeature
                0x0000000008009294       0x5a ./Middlewares/ST/STM32_USB_Device_Library/Class/MSC/Src/usbd_msc_bot.o
                0x0000000008009294                MSC_BOT_CplClrFeature
 *fill*         0x00000000080092ee        0x2 
 .text.SCSI_ProcessCmd
                0x00000000080092f0      0x2fc ./Middlewares/ST/STM32_USB_Device_Library/Class/MSC/Src/usbd_msc_scsi.o
                0x00000000080092f0                SCSI_ProcessCmd
 .text.SCSI_TestUnitReady
                0x00000000080095ec       0xa0 ./Middlewares/ST/STM32_USB_Device_Library/Class/MSC/Src/usbd_msc_scsi.o
 .text.SCSI_Inquiry
                0x000000000800968c       0xe8 ./Middlewares/ST/STM32_USB_Device_Library/Class/MSC/Src/usbd_msc_scsi.o
 .text.SCSI_ReadCapacity10
                0x0000000008009774       0xea ./Middlewares/ST/STM32_USB_Device_Library/Class/MSC/Src/usbd_msc_scsi.o
 .text.SCSI_ReadCapacity16
                0x000000000800985e      0x154 ./Middlewares/ST/STM32_USB_Device_Library/Class/MSC/Src/usbd_msc_scsi.o
 .text.SCSI_ReadFormatCapacity
                0x00000000080099b2       0xe4 ./Middlewares/ST/STM32_USB_Device_Library/Class/MSC/Src/usbd_msc_scsi.o
 *fill*         0x0000000008009a96        0x2 
 .text.SCSI_ModeSense6
                0x0000000008009a98       0x58 ./Middlewares/ST/STM32_USB_Device_Library/Class/MSC/Src/usbd_msc_scsi.o
 .text.SCSI_ModeSense10
                0x0000000008009af0       0x58 ./Middlewares/ST/STM32_USB_Device_Library/Class/MSC/Src/usbd_msc_scsi.o
 .text.SCSI_RequestSense
                0x0000000008009b48       0xfe ./Middlewares/ST/STM32_USB_Device_Library/Class/MSC/Src/usbd_msc_scsi.o
 .text.SCSI_SenseCode
                0x0000000008009c46       0x8e ./Middlewares/ST/STM32_USB_Device_Library/Class/MSC/Src/usbd_msc_scsi.o
                0x0000000008009c46                SCSI_SenseCode
 .text.SCSI_StartStopUnit
                0x0000000008009cd4       0xa2 ./Middlewares/ST/STM32_USB_Device_Library/Class/MSC/Src/usbd_msc_scsi.o
 .text.SCSI_AllowPreventRemovable
                0x0000000008009d76       0x52 ./Middlewares/ST/STM32_USB_Device_Library/Class/MSC/Src/usbd_msc_scsi.o
 .text.SCSI_Read10
                0x0000000008009dc8      0x140 ./Middlewares/ST/STM32_USB_Device_Library/Class/MSC/Src/usbd_msc_scsi.o
 .text.SCSI_Read12
                0x0000000008009f08      0x156 ./Middlewares/ST/STM32_USB_Device_Library/Class/MSC/Src/usbd_msc_scsi.o
 .text.SCSI_Write10
                0x000000000800a05e      0x18a ./Middlewares/ST/STM32_USB_Device_Library/Class/MSC/Src/usbd_msc_scsi.o
 .text.SCSI_Write12
                0x000000000800a1e8      0x1aa ./Middlewares/ST/STM32_USB_Device_Library/Class/MSC/Src/usbd_msc_scsi.o
 .text.SCSI_Verify10
                0x000000000800a392       0x72 ./Middlewares/ST/STM32_USB_Device_Library/Class/MSC/Src/usbd_msc_scsi.o
 .text.SCSI_CheckAddressRange
                0x000000000800a404       0x50 ./Middlewares/ST/STM32_USB_Device_Library/Class/MSC/Src/usbd_msc_scsi.o
 .text.SCSI_ProcessRead
                0x000000000800a454       0xf2 ./Middlewares/ST/STM32_USB_Device_Library/Class/MSC/Src/usbd_msc_scsi.o
 .text.SCSI_ProcessWrite
                0x000000000800a546      0x112 ./Middlewares/ST/STM32_USB_Device_Library/Class/MSC/Src/usbd_msc_scsi.o
 .text.SCSI_UpdateBotData
                0x000000000800a658       0x52 ./Middlewares/ST/STM32_USB_Device_Library/Class/MSC/Src/usbd_msc_scsi.o
 .text.USBD_Init
                0x000000000800a6aa       0x60 ./Middlewares/ST/STM32_USB_Device_Library/Core/Src/usbd_core.o
                0x000000000800a6aa                USBD_Init
 .text.USBD_RegisterClass
                0x000000000800a70a       0x4e ./Middlewares/ST/STM32_USB_Device_Library/Core/Src/usbd_core.o
                0x000000000800a70a                USBD_RegisterClass
 .text.USBD_Start
                0x000000000800a758       0x18 ./Middlewares/ST/STM32_USB_Device_Library/Core/Src/usbd_core.o
                0x000000000800a758                USBD_Start
 .text.USBD_RunTestMode
                0x000000000800a770       0x16 ./Middlewares/ST/STM32_USB_Device_Library/Core/Src/usbd_core.o
                0x000000000800a770                USBD_RunTestMode
 .text.USBD_SetClassConfig
                0x000000000800a786       0x38 ./Middlewares/ST/STM32_USB_Device_Library/Core/Src/usbd_core.o
                0x000000000800a786                USBD_SetClassConfig
 .text.USBD_ClrClassConfig
                0x000000000800a7be       0x30 ./Middlewares/ST/STM32_USB_Device_Library/Core/Src/usbd_core.o
                0x000000000800a7be                USBD_ClrClassConfig
 .text.USBD_LL_SetupStage
                0x000000000800a7ee       0xaa ./Middlewares/ST/STM32_USB_Device_Library/Core/Src/usbd_core.o
                0x000000000800a7ee                USBD_LL_SetupStage
 .text.USBD_LL_DataOutStage
                0x000000000800a898       0xc6 ./Middlewares/ST/STM32_USB_Device_Library/Core/Src/usbd_core.o
                0x000000000800a898                USBD_LL_DataOutStage
 .text.USBD_LL_DataInStage
                0x000000000800a95e      0x12c ./Middlewares/ST/STM32_USB_Device_Library/Core/Src/usbd_core.o
                0x000000000800a95e                USBD_LL_DataInStage
 .text.USBD_LL_Reset
                0x000000000800aa8a       0x9c ./Middlewares/ST/STM32_USB_Device_Library/Core/Src/usbd_core.o
                0x000000000800aa8a                USBD_LL_Reset
 .text.USBD_LL_SetSpeed
                0x000000000800ab26       0x20 ./Middlewares/ST/STM32_USB_Device_Library/Core/Src/usbd_core.o
                0x000000000800ab26                USBD_LL_SetSpeed
 .text.USBD_LL_Suspend
                0x000000000800ab46       0x2c ./Middlewares/ST/STM32_USB_Device_Library/Core/Src/usbd_core.o
                0x000000000800ab46                USBD_LL_Suspend
 .text.USBD_LL_Resume
                0x000000000800ab72       0x30 ./Middlewares/ST/STM32_USB_Device_Library/Core/Src/usbd_core.o
                0x000000000800ab72                USBD_LL_Resume
 .text.USBD_LL_SOF
                0x000000000800aba2       0x44 ./Middlewares/ST/STM32_USB_Device_Library/Core/Src/usbd_core.o
                0x000000000800aba2                USBD_LL_SOF
 .text.SWAPBYTE
                0x000000000800abe6       0x3c ./Middlewares/ST/STM32_USB_Device_Library/Core/Src/usbd_ctlreq.o
 *fill*         0x000000000800ac22        0x2 
 .text.USBD_StdDevReq
                0x000000000800ac24       0xdc ./Middlewares/ST/STM32_USB_Device_Library/Core/Src/usbd_ctlreq.o
                0x000000000800ac24                USBD_StdDevReq
 .text.USBD_StdItfReq
                0x000000000800ad00       0x92 ./Middlewares/ST/STM32_USB_Device_Library/Core/Src/usbd_ctlreq.o
                0x000000000800ad00                USBD_StdItfReq
 .text.USBD_StdEPReq
                0x000000000800ad92      0x2c4 ./Middlewares/ST/STM32_USB_Device_Library/Core/Src/usbd_ctlreq.o
                0x000000000800ad92                USBD_StdEPReq
 *fill*         0x000000000800b056        0x2 
 .text.USBD_GetDescriptor
                0x000000000800b058      0x328 ./Middlewares/ST/STM32_USB_Device_Library/Core/Src/usbd_ctlreq.o
 .text.USBD_SetAddress
                0x000000000800b380       0x88 ./Middlewares/ST/STM32_USB_Device_Library/Core/Src/usbd_ctlreq.o
 .text.USBD_SetConfig
                0x000000000800b408      0x14c ./Middlewares/ST/STM32_USB_Device_Library/Core/Src/usbd_ctlreq.o
 .text.USBD_GetConfig
                0x000000000800b554       0x6c ./Middlewares/ST/STM32_USB_Device_Library/Core/Src/usbd_ctlreq.o
 .text.USBD_GetStatus
                0x000000000800b5c0       0x68 ./Middlewares/ST/STM32_USB_Device_Library/Core/Src/usbd_ctlreq.o
 .text.USBD_SetFeature
                0x000000000800b628       0x28 ./Middlewares/ST/STM32_USB_Device_Library/Core/Src/usbd_ctlreq.o
 .text.USBD_ClrFeature
                0x000000000800b650       0x44 ./Middlewares/ST/STM32_USB_Device_Library/Core/Src/usbd_ctlreq.o
 .text.USBD_ParseSetupRequest
                0x000000000800b694       0x74 ./Middlewares/ST/STM32_USB_Device_Library/Core/Src/usbd_ctlreq.o
                0x000000000800b694                USBD_ParseSetupRequest
 .text.USBD_CtlError
                0x000000000800b708       0x22 ./Middlewares/ST/STM32_USB_Device_Library/Core/Src/usbd_ctlreq.o
                0x000000000800b708                USBD_CtlError
 .text.USBD_GetString
                0x000000000800b72a       0x8c ./Middlewares/ST/STM32_USB_Device_Library/Core/Src/usbd_ctlreq.o
                0x000000000800b72a                USBD_GetString
 .text.USBD_GetLen
                0x000000000800b7b6       0x34 ./Middlewares/ST/STM32_USB_Device_Library/Core/Src/usbd_ctlreq.o
 .text.USBD_CtlSendData
                0x000000000800b7ea       0x36 ./Middlewares/ST/STM32_USB_Device_Library/Core/Src/usbd_ioreq.o
                0x000000000800b7ea                USBD_CtlSendData
 .text.USBD_CtlContinueSendData
                0x000000000800b820       0x22 ./Middlewares/ST/STM32_USB_Device_Library/Core/Src/usbd_ioreq.o
                0x000000000800b820                USBD_CtlContinueSendData
 .text.USBD_CtlContinueRx
                0x000000000800b842       0x22 ./Middlewares/ST/STM32_USB_Device_Library/Core/Src/usbd_ioreq.o
                0x000000000800b842                USBD_CtlContinueRx
 .text.USBD_CtlSendStatus
                0x000000000800b864       0x26 ./Middlewares/ST/STM32_USB_Device_Library/Core/Src/usbd_ioreq.o
                0x000000000800b864                USBD_CtlSendStatus
 .text.USBD_CtlReceiveStatus
                0x000000000800b88a       0x26 ./Middlewares/ST/STM32_USB_Device_Library/Core/Src/usbd_ioreq.o
                0x000000000800b88a                USBD_CtlReceiveStatus
 .text.FATFS_LinkDriverEx
                0x000000000800b8b0       0x98 ./Middlewares/Third_Party/FatFs/src/ff_gen_drv.o
                0x000000000800b8b0                FATFS_LinkDriverEx
 .text.FATFS_LinkDriver
                0x000000000800b948       0x1e ./Middlewares/Third_Party/FatFs/src/ff_gen_drv.o
                0x000000000800b948                FATFS_LinkDriver
 *fill*         0x000000000800b966        0x2 
 .text.MX_USB_Device_Init
                0x000000000800b968       0x60 ./USB_Device/App/usb_device.o
                0x000000000800b968                MX_USB_Device_Init
 .text.USBD_MSC_DeviceDescriptor
                0x000000000800b9c8       0x24 ./USB_Device/App/usbd_desc.o
                0x000000000800b9c8                USBD_MSC_DeviceDescriptor
 .text.USBD_MSC_LangIDStrDescriptor
                0x000000000800b9ec       0x24 ./USB_Device/App/usbd_desc.o
                0x000000000800b9ec                USBD_MSC_LangIDStrDescriptor
 .text.USBD_MSC_ProductStrDescriptor
                0x000000000800ba10       0x3c ./USB_Device/App/usbd_desc.o
                0x000000000800ba10                USBD_MSC_ProductStrDescriptor
 .text.USBD_MSC_ManufacturerStrDescriptor
                0x000000000800ba4c       0x28 ./USB_Device/App/usbd_desc.o
                0x000000000800ba4c                USBD_MSC_ManufacturerStrDescriptor
 .text.USBD_MSC_SerialStrDescriptor
                0x000000000800ba74       0x24 ./USB_Device/App/usbd_desc.o
                0x000000000800ba74                USBD_MSC_SerialStrDescriptor
 .text.USBD_MSC_ConfigStrDescriptor
                0x000000000800ba98       0x3c ./USB_Device/App/usbd_desc.o
                0x000000000800ba98                USBD_MSC_ConfigStrDescriptor
 .text.USBD_MSC_InterfaceStrDescriptor
                0x000000000800bad4       0x3c ./USB_Device/App/usbd_desc.o
                0x000000000800bad4                USBD_MSC_InterfaceStrDescriptor
 .text.Get_SerialNum
                0x000000000800bb10       0x58 ./USB_Device/App/usbd_desc.o
 .text.IntToUnicode
                0x000000000800bb68       0x7e ./USB_Device/App/usbd_desc.o
 .text.STORAGE_Init_FS
                0x000000000800bbe6       0x18 ./USB_Device/App/usbd_storage_if.o
 .text.STORAGE_GetCapacity_FS
                0x000000000800bbfe       0x2c ./USB_Device/App/usbd_storage_if.o
 .text.STORAGE_IsReady_FS
                0x000000000800bc2a       0x18 ./USB_Device/App/usbd_storage_if.o
 .text.STORAGE_IsWriteProtected_FS
                0x000000000800bc42       0x18 ./USB_Device/App/usbd_storage_if.o
 .text.STORAGE_Read_FS
                0x000000000800bc5a       0x22 ./USB_Device/App/usbd_storage_if.o
 .text.STORAGE_Write_FS
                0x000000000800bc7c       0x22 ./USB_Device/App/usbd_storage_if.o
 .text.STORAGE_GetMaxLun_FS
                0x000000000800bc9e       0x10 ./USB_Device/App/usbd_storage_if.o
 *fill*         0x000000000800bcae        0x2 
 .text.HAL_PCD_MspInit
                0x000000000800bcb0       0xd4 ./USB_Device/Target/usbd_conf.o
                0x000000000800bcb0                HAL_PCD_MspInit
 .text.HAL_PCD_SetupStageCallback
                0x000000000800bd84       0x24 ./USB_Device/Target/usbd_conf.o
                0x000000000800bd84                HAL_PCD_SetupStageCallback
 .text.HAL_PCD_DataOutStageCallback
                0x000000000800bda8       0x36 ./USB_Device/Target/usbd_conf.o
                0x000000000800bda8                HAL_PCD_DataOutStageCallback
 .text.HAL_PCD_DataInStageCallback
                0x000000000800bdde       0x34 ./USB_Device/Target/usbd_conf.o
                0x000000000800bdde                HAL_PCD_DataInStageCallback
 .text.HAL_PCD_SOFCallback
                0x000000000800be12       0x1c ./USB_Device/Target/usbd_conf.o
                0x000000000800be12                HAL_PCD_SOFCallback
 .text.HAL_PCD_ResetCallback
                0x000000000800be2e       0x3c ./USB_Device/Target/usbd_conf.o
                0x000000000800be2e                HAL_PCD_ResetCallback
 *fill*         0x000000000800be6a        0x2 
 .text.HAL_PCD_SuspendCallback
                0x000000000800be6c       0x34 ./USB_Device/Target/usbd_conf.o
                0x000000000800be6c                HAL_PCD_SuspendCallback
 .text.HAL_PCD_ResumeCallback
                0x000000000800bea0       0x38 ./USB_Device/Target/usbd_conf.o
                0x000000000800bea0                HAL_PCD_ResumeCallback
 .text.USBD_LL_Init
                0x000000000800bed8       0xb0 ./USB_Device/Target/usbd_conf.o
                0x000000000800bed8                USBD_LL_Init
 .text.USBD_LL_Start
                0x000000000800bf88       0x36 ./USB_Device/Target/usbd_conf.o
                0x000000000800bf88                USBD_LL_Start
 .text.USBD_LL_OpenEP
                0x000000000800bfbe       0x4c ./USB_Device/Target/usbd_conf.o
                0x000000000800bfbe                USBD_LL_OpenEP
 .text.USBD_LL_CloseEP
                0x000000000800c00a       0x3e ./USB_Device/Target/usbd_conf.o
                0x000000000800c00a                USBD_LL_CloseEP
 .text.USBD_LL_FlushEP
                0x000000000800c048       0x3e ./USB_Device/Target/usbd_conf.o
                0x000000000800c048                USBD_LL_FlushEP
 .text.USBD_LL_StallEP
                0x000000000800c086       0x3e ./USB_Device/Target/usbd_conf.o
                0x000000000800c086                USBD_LL_StallEP
 .text.USBD_LL_ClearStallEP
                0x000000000800c0c4       0x3e ./USB_Device/Target/usbd_conf.o
                0x000000000800c0c4                USBD_LL_ClearStallEP
 .text.USBD_LL_IsStallEP
                0x000000000800c102       0x5a ./USB_Device/Target/usbd_conf.o
                0x000000000800c102                USBD_LL_IsStallEP
 .text.USBD_LL_SetUSBAddress
                0x000000000800c15c       0x3e ./USB_Device/Target/usbd_conf.o
                0x000000000800c15c                USBD_LL_SetUSBAddress
 .text.USBD_LL_Transmit
                0x000000000800c19a       0x42 ./USB_Device/Target/usbd_conf.o
                0x000000000800c19a                USBD_LL_Transmit
 .text.USBD_LL_PrepareReceive
                0x000000000800c1dc       0x42 ./USB_Device/Target/usbd_conf.o
                0x000000000800c1dc                USBD_LL_PrepareReceive
 .text.USBD_LL_GetRxDataSize
                0x000000000800c21e       0x26 ./USB_Device/Target/usbd_conf.o
                0x000000000800c21e                USBD_LL_GetRxDataSize
 .text.HAL_PCDEx_LPM_Callback
                0x000000000800c244       0x6c ./USB_Device/Target/usbd_conf.o
                0x000000000800c244                HAL_PCDEx_LPM_Callback
 .text.USBD_static_malloc
                0x000000000800c2b0       0x1c ./USB_Device/Target/usbd_conf.o
                0x000000000800c2b0                USBD_static_malloc
 .text.USBD_static_free
                0x000000000800c2cc       0x14 ./USB_Device/Target/usbd_conf.o
                0x000000000800c2cc                USBD_static_free
 .text.SystemClockConfig_Resume
                0x000000000800c2e0        0xc ./USB_Device/Target/usbd_conf.o
 .text.USBD_Get_USB_Status
                0x000000000800c2ec       0x58 ./USB_Device/Target/usbd_conf.o
 .text.__libc_init_array
                0x000000000800c344       0x48 c:/st/stm32cubeide_1.9.0/stm32cubeide/plugins/com.st.stm32cube.ide.mcu.externaltools.gnu-tools-for-stm32.10.3-2021.10.win32_1.0.0.202111181127/tools/bin/../lib/gcc/arm-none-eabi/10.3.1/../../../../arm-none-eabi/lib/thumb/v8-m.main+fp/hard\libc_nano.a(lib_a-init.o)
                0x000000000800c344                __libc_init_array
 .text.memset   0x000000000800c38c       0x10 c:/st/stm32cubeide_1.9.0/stm32cubeide/plugins/com.st.stm32cube.ide.mcu.externaltools.gnu-tools-for-stm32.10.3-2021.10.win32_1.0.0.202111181127/tools/bin/../lib/gcc/arm-none-eabi/10.3.1/../../../../arm-none-eabi/lib/thumb/v8-m.main+fp/hard\libc_nano.a(lib_a-memset.o)
                0x000000000800c38c                memset
 *(.glue_7)
 .glue_7        0x000000000800c39c        0x0 linker stubs
 *(.glue_7t)
 .glue_7t       0x000000000800c39c        0x0 linker stubs
 *(.eh_frame)
 .eh_frame      0x000000000800c39c        0x0 c:/st/stm32cubeide_1.9.0/stm32cubeide/plugins/com.st.stm32cube.ide.mcu.externaltools.gnu-tools-for-stm32.10.3-2021.10.win32_1.0.0.202111181127/tools/bin/../lib/gcc/arm-none-eabi/10.3.1/thumb/v8-m.main+fp/hard/crtbegin.o
 *(.init)
 .init          0x000000000800c39c        0x4 c:/st/stm32cubeide_1.9.0/stm32cubeide/plugins/com.st.stm32cube.ide.mcu.externaltools.gnu-tools-for-stm32.10.3-2021.10.win32_1.0.0.202111181127/tools/bin/../lib/gcc/arm-none-eabi/10.3.1/thumb/v8-m.main+fp/hard/crti.o
                0x000000000800c39c                _init
 .init          0x000000000800c3a0        0x8 c:/st/stm32cubeide_1.9.0/stm32cubeide/plugins/com.st.stm32cube.ide.mcu.externaltools.gnu-tools-for-stm32.10.3-2021.10.win32_1.0.0.202111181127/tools/bin/../lib/gcc/arm-none-eabi/10.3.1/thumb/v8-m.main+fp/hard/crtn.o
 *(.fini)
 .fini          0x000000000800c3a8        0x4 c:/st/stm32cubeide_1.9.0/stm32cubeide/plugins/com.st.stm32cube.ide.mcu.externaltools.gnu-tools-for-stm32.10.3-2021.10.win32_1.0.0.202111181127/tools/bin/../lib/gcc/arm-none-eabi/10.3.1/thumb/v8-m.main+fp/hard/crti.o
                0x000000000800c3a8                _fini
 .fini          0x000000000800c3ac        0x8 c:/st/stm32cubeide_1.9.0/stm32cubeide/plugins/com.st.stm32cube.ide.mcu.externaltools.gnu-tools-for-stm32.10.3-2021.10.win32_1.0.0.202111181127/tools/bin/../lib/gcc/arm-none-eabi/10.3.1/thumb/v8-m.main+fp/hard/crtn.o
                0x000000000800c3b4                . = ALIGN (0x4)
                0x000000000800c3b4                _etext = .

.vfp11_veneer   0x000000000800c3b4        0x0
 .vfp11_veneer  0x000000000800c3b4        0x0 linker stubs

.v4_bx          0x000000000800c3b4        0x0
 .v4_bx         0x000000000800c3b4        0x0 linker stubs

.iplt           0x000000000800c3b4        0x0
 .iplt          0x000000000800c3b4        0x0 c:/st/stm32cubeide_1.9.0/stm32cubeide/plugins/com.st.stm32cube.ide.mcu.externaltools.gnu-tools-for-stm32.10.3-2021.10.win32_1.0.0.202111181127/tools/bin/../lib/gcc/arm-none-eabi/10.3.1/thumb/v8-m.main+fp/hard/crtbegin.o

.rodata         0x000000000800c3b4       0xb8
                0x000000000800c3b4                . = ALIGN (0x4)
 *(.rodata)
 .rodata        0x000000000800c3b4       0x42 ./USB_Device/App/usbd_desc.o
 *(.rodata*)
 *fill*         0x000000000800c3f6        0x2 
 .rodata.AHBPrescTable
                0x000000000800c3f8       0x10 ./Core/Src/system_stm32l5xx.o
                0x000000000800c3f8                AHBPrescTable
 .rodata.MSIRangeTable
                0x000000000800c408       0x40 ./Core/Src/system_stm32l5xx.o
                0x000000000800c408                MSIRangeTable
 .rodata.STORAGE_Inquirydata_FS
                0x000000000800c448       0x24 ./USB_Device/App/usbd_storage_if.o
                0x000000000800c448                STORAGE_Inquirydata_FS
                0x000000000800c46c                . = ALIGN (0x4)

.rel.dyn        0x000000000800c46c        0x0
 .rel.iplt      0x000000000800c46c        0x0 c:/st/stm32cubeide_1.9.0/stm32cubeide/plugins/com.st.stm32cube.ide.mcu.externaltools.gnu-tools-for-stm32.10.3-2021.10.win32_1.0.0.202111181127/tools/bin/../lib/gcc/arm-none-eabi/10.3.1/thumb/v8-m.main+fp/hard/crtbegin.o

.ARM.extab      0x000000000800c46c        0x0
                0x000000000800c46c                . = ALIGN (0x4)
 *(.ARM.extab* .gnu.linkonce.armextab.*)
                0x000000000800c46c                . = ALIGN (0x4)

.ARM            0x000000000800c46c        0x0
                0x000000000800c46c                . = ALIGN (0x4)
                0x000000000800c46c                __exidx_start = .
 *(.ARM.exidx*)
                0x000000000800c46c                __exidx_end = .
                0x000000000800c46c                . = ALIGN (0x4)

.preinit_array  0x000000000800c46c        0x0
                0x000000000800c46c                . = ALIGN (0x4)
                0x000000000800c46c                PROVIDE (__preinit_array_start = .)
 *(.preinit_array*)
                0x000000000800c46c                PROVIDE (__preinit_array_end = .)
                0x000000000800c46c                . = ALIGN (0x4)

.init_array     0x000000000800c46c        0x4
                0x000000000800c46c                . = ALIGN (0x4)
                0x000000000800c46c                PROVIDE (__init_array_start = .)
 *(SORT_BY_NAME(.init_array.*))
 *(.init_array*)
 .init_array    0x000000000800c46c        0x4 c:/st/stm32cubeide_1.9.0/stm32cubeide/plugins/com.st.stm32cube.ide.mcu.externaltools.gnu-tools-for-stm32.10.3-2021.10.win32_1.0.0.202111181127/tools/bin/../lib/gcc/arm-none-eabi/10.3.1/thumb/v8-m.main+fp/hard/crtbegin.o
                0x000000000800c470                PROVIDE (__init_array_end = .)
                0x000000000800c470                . = ALIGN (0x4)

.fini_array     0x000000000800c470        0x4
                0x000000000800c470                . = ALIGN (0x4)
                [!provide]                        PROVIDE (__fini_array_start = .)
 *(SORT_BY_NAME(.fini_array.*))
 *(.fini_array*)
 .fini_array    0x000000000800c470        0x4 c:/st/stm32cubeide_1.9.0/stm32cubeide/plugins/com.st.stm32cube.ide.mcu.externaltools.gnu-tools-for-stm32.10.3-2021.10.win32_1.0.0.202111181127/tools/bin/../lib/gcc/arm-none-eabi/10.3.1/thumb/v8-m.main+fp/hard/crtbegin.o
                [!provide]                        PROVIDE (__fini_array_end = .)
                0x000000000800c474                . = ALIGN (0x4)
                0x000000000800c474                _sidata = LOADADDR (.data)

.data           0x0000000020000000      0x17c load address 0x000000000800c474
                0x0000000020000000                . = ALIGN (0x4)
                0x0000000020000000                _sdata = .
 *(.data)
 *(.data*)
 .data.SystemCoreClock
                0x0000000020000000        0x4 ./Core/Src/system_stm32l5xx.o
                0x0000000020000000                SystemCoreClock
 .data.uwTickPrio
                0x0000000020000004        0x4 ./Drivers/STM32L5xx_HAL_Driver/Src/stm32l5xx_hal.o
                0x0000000020000004                uwTickPrio
 .data.uwTickFreq
                0x0000000020000008        0x1 ./Drivers/STM32L5xx_HAL_Driver/Src/stm32l5xx_hal.o
                0x0000000020000008                uwTickFreq
 .data.Stat     0x0000000020000009        0x1 ./FATFS/Target/user_diskio.o
 *fill*         0x000000002000000a        0x2 
 .data.USER_Driver
                0x000000002000000c       0x14 ./FATFS/Target/user_diskio.o
                0x000000002000000c                USER_Driver
 .data.USBD_MSC
                0x0000000020000020       0x38 ./Middlewares/ST/STM32_USB_Device_Library/Class/MSC/Src/usbd_msc.o
                0x0000000020000020                USBD_MSC
 .data.USBD_MSC_CfgHSDesc
                0x0000000020000058       0x20 ./Middlewares/ST/STM32_USB_Device_Library/Class/MSC/Src/usbd_msc.o
 .data.USBD_MSC_CfgFSDesc
                0x0000000020000078       0x20 ./Middlewares/ST/STM32_USB_Device_Library/Class/MSC/Src/usbd_msc.o
 .data.USBD_MSC_OtherSpeedCfgDesc
                0x0000000020000098       0x20 ./Middlewares/ST/STM32_USB_Device_Library/Class/MSC/Src/usbd_msc.o
 .data.USBD_MSC_DeviceQualifierDesc
                0x00000000200000b8        0xa ./Middlewares/ST/STM32_USB_Device_Library/Class/MSC/Src/usbd_msc.o
 *fill*         0x00000000200000c2        0x2 
 .data.MSC_Page00_Inquiry_Data
                0x00000000200000c4        0x6 ./Middlewares/ST/STM32_USB_Device_Library/Class/MSC/Src/usbd_msc_data.o
                0x00000000200000c4                MSC_Page00_Inquiry_Data
 *fill*         0x00000000200000ca        0x2 
 .data.MSC_Page80_Inquiry_Data
                0x00000000200000cc        0x8 ./Middlewares/ST/STM32_USB_Device_Library/Class/MSC/Src/usbd_msc_data.o
                0x00000000200000cc                MSC_Page80_Inquiry_Data
 .data.MSC_Mode_Sense6_data
                0x00000000200000d4       0x17 ./Middlewares/ST/STM32_USB_Device_Library/Class/MSC/Src/usbd_msc_data.o
                0x00000000200000d4                MSC_Mode_Sense6_data
 *fill*         0x00000000200000eb        0x1 
 .data.MSC_Mode_Sense10_data
                0x00000000200000ec       0x1b ./Middlewares/ST/STM32_USB_Device_Library/Class/MSC/Src/usbd_msc_data.o
                0x00000000200000ec                MSC_Mode_Sense10_data
 *fill*         0x0000000020000107        0x1 
 .data.MSC_Desc
                0x0000000020000108       0x20 ./USB_Device/App/usbd_desc.o
                0x0000000020000108                MSC_Desc
 .data.USBD_MSC_DeviceDesc
                0x0000000020000128       0x12 ./USB_Device/App/usbd_desc.o
                0x0000000020000128                USBD_MSC_DeviceDesc
 *fill*         0x000000002000013a        0x2 
 .data.USBD_LangIDDesc
                0x000000002000013c        0x4 ./USB_Device/App/usbd_desc.o
                0x000000002000013c                USBD_LangIDDesc
 .data.USBD_StringSerial
                0x0000000020000140       0x1a ./USB_Device/App/usbd_desc.o
                0x0000000020000140                USBD_StringSerial
 *fill*         0x000000002000015a        0x2 
 .data.USBD_Storage_Interface_fops_FS
                0x000000002000015c       0x20 ./USB_Device/App/usbd_storage_if.o
                0x000000002000015c                USBD_Storage_Interface_fops_FS
 *(.RamFunc)
 *(.RamFunc*)
                0x000000002000017c                . = ALIGN (0x4)
                0x000000002000017c                _edata = .

.igot.plt       0x000000002000017c        0x0 load address 0x000000000800c5f0
 .igot.plt      0x000000002000017c        0x0 c:/st/stm32cubeide_1.9.0/stm32cubeide/plugins/com.st.stm32cube.ide.mcu.externaltools.gnu-tools-for-stm32.10.3-2021.10.win32_1.0.0.202111181127/tools/bin/../lib/gcc/arm-none-eabi/10.3.1/thumb/v8-m.main+fp/hard/crtbegin.o
                0x000000002000017c                . = ALIGN (0x4)

.bss            0x000000002000017c      0xb08 load address 0x000000000800c5f0
                0x000000002000017c                _sbss = .
                0x000000002000017c                __bss_start__ = _sbss
 *(.bss)
 .bss           0x000000002000017c       0x1c c:/st/stm32cubeide_1.9.0/stm32cubeide/plugins/com.st.stm32cube.ide.mcu.externaltools.gnu-tools-for-stm32.10.3-2021.10.win32_1.0.0.202111181127/tools/bin/../lib/gcc/arm-none-eabi/10.3.1/thumb/v8-m.main+fp/hard/crtbegin.o
 *(.bss*)
 .bss.hi2c1     0x0000000020000198       0x4c ./Core/Src/main.o
                0x0000000020000198                hi2c1
 .bss.htim4     0x00000000200001e4       0x4c ./Core/Src/main.o
                0x00000000200001e4                htim4
 .bss.uwTick    0x0000000020000230        0x4 ./Drivers/STM32L5xx_HAL_Driver/Src/stm32l5xx_hal.o
                0x0000000020000230                uwTick
 .bss.USERPath  0x0000000020000234        0x4 ./FATFS/App/app_fatfs.o
                0x0000000020000234                USERPath
 .bss.Appli_state
                0x0000000020000238        0x1 ./FATFS/App/app_fatfs.o
                0x0000000020000238                Appli_state
 .bss.cfgidx.0  0x0000000020000239        0x1 ./Middlewares/ST/STM32_USB_Device_Library/Core/Src/usbd_ctlreq.o
 *fill*         0x000000002000023a        0x2 
 .bss.disk      0x000000002000023c        0xc ./Middlewares/Third_Party/FatFs/src/ff_gen_drv.o
                0x000000002000023c                disk
 .bss.hUsbDeviceFS
                0x0000000020000248      0x2d0 ./USB_Device/App/usb_device.o
                0x0000000020000248                hUsbDeviceFS
 .bss.USBD_StrDesc
                0x0000000020000518      0x200 ./USB_Device/App/usbd_desc.o
                0x0000000020000518                USBD_StrDesc
 .bss.hpcd_USB_FS
                0x0000000020000718      0x2f4 ./USB_Device/Target/usbd_conf.o
                0x0000000020000718                hpcd_USB_FS
 .bss.mem.0     0x0000000020000a0c      0x278 ./USB_Device/Target/usbd_conf.o
 *(COMMON)
                0x0000000020000c84                . = ALIGN (0x4)
                0x0000000020000c84                _ebss = .
                0x0000000020000c84                __bss_end__ = _ebss

._user_heap_stack
                0x0000000020000c84      0x604 load address 0x000000000800c5f0
                0x0000000020000c88                . = ALIGN (0x8)
 *fill*         0x0000000020000c84        0x4 
                [!provide]                        PROVIDE (end = .)
                0x0000000020000c88                PROVIDE (_end = .)
                0x0000000020000e88                . = (. + _Min_Heap_Size)
 *fill*         0x0000000020000c88      0x200 
                0x0000000020001288                . = (. + _Min_Stack_Size)
 *fill*         0x0000000020000e88      0x400 
                0x0000000020001288                . = ALIGN (0x8)

/DISCARD/
 libc.a(*)
 libm.a(*)
 libgcc.a(*)

.ARM.attributes
                0x0000000000000000       0x36
 *(.ARM.attributes)
 .ARM.attributes
                0x0000000000000000       0x22 c:/st/stm32cubeide_1.9.0/stm32cubeide/plugins/com.st.stm32cube.ide.mcu.externaltools.gnu-tools-for-stm32.10.3-2021.10.win32_1.0.0.202111181127/tools/bin/../lib/gcc/arm-none-eabi/10.3.1/thumb/v8-m.main+fp/hard/crti.o
 .ARM.attributes
                0x0000000000000022       0x38 c:/st/stm32cubeide_1.9.0/stm32cubeide/plugins/com.st.stm32cube.ide.mcu.externaltools.gnu-tools-for-stm32.10.3-2021.10.win32_1.0.0.202111181127/tools/bin/../lib/gcc/arm-none-eabi/10.3.1/thumb/v8-m.main+fp/hard/crtbegin.o
 .ARM.attributes
                0x000000000000005a       0x3a ./Core/Src/main.o
 .ARM.attributes
                0x0000000000000094       0x3a ./Core/Src/stm32l5xx_hal_msp.o
 .ARM.attributes
                0x00000000000000ce       0x3a ./Core/Src/stm32l5xx_it.o
 .ARM.attributes
                0x0000000000000108       0x3a ./Core/Src/system_stm32l5xx.o
 .ARM.attributes
                0x0000000000000142       0x24 ./Core/Startup/startup_stm32l562vetxq.o
 .ARM.attributes
                0x0000000000000166       0x3a ./Drivers/STM32L5xx_HAL_Driver/Src/stm32l5xx_hal.o
 .ARM.attributes
                0x00000000000001a0       0x3a ./Drivers/STM32L5xx_HAL_Driver/Src/stm32l5xx_hal_cortex.o
 .ARM.attributes
                0x00000000000001da       0x3a ./Drivers/STM32L5xx_HAL_Driver/Src/stm32l5xx_hal_gpio.o
 .ARM.attributes
                0x0000000000000214       0x3a ./Drivers/STM32L5xx_HAL_Driver/Src/stm32l5xx_hal_i2c.o
 .ARM.attributes
                0x000000000000024e       0x3a ./Drivers/STM32L5xx_HAL_Driver/Src/stm32l5xx_hal_i2c_ex.o
 .ARM.attributes
                0x0000000000000288       0x3a ./Drivers/STM32L5xx_HAL_Driver/Src/stm32l5xx_hal_icache.o
 .ARM.attributes
                0x00000000000002c2       0x3a ./Drivers/STM32L5xx_HAL_Driver/Src/stm32l5xx_hal_pcd.o
 .ARM.attributes
                0x00000000000002fc       0x3a ./Drivers/STM32L5xx_HAL_Driver/Src/stm32l5xx_hal_pcd_ex.o
 .ARM.attributes
                0x0000000000000336       0x3a ./Drivers/STM32L5xx_HAL_Driver/Src/stm32l5xx_hal_pwr_ex.o
 .ARM.attributes
                0x0000000000000370       0x3a ./Drivers/STM32L5xx_HAL_Driver/Src/stm32l5xx_hal_rcc.o
 .ARM.attributes
                0x00000000000003aa       0x3a ./Drivers/STM32L5xx_HAL_Driver/Src/stm32l5xx_hal_rcc_ex.o
 .ARM.attributes
                0x00000000000003e4       0x3a ./Drivers/STM32L5xx_HAL_Driver/Src/stm32l5xx_hal_tim.o
 .ARM.attributes
                0x000000000000041e       0x3a ./Drivers/STM32L5xx_HAL_Driver/Src/stm32l5xx_hal_tim_ex.o
 .ARM.attributes
                0x0000000000000458       0x3a ./Drivers/STM32L5xx_HAL_Driver/Src/stm32l5xx_ll_usb.o
 .ARM.attributes
                0x0000000000000492       0x3a ./FATFS/App/app_fatfs.o
 .ARM.attributes
                0x00000000000004cc       0x3a ./FATFS/Target/user_diskio.o
 .ARM.attributes
                0x0000000000000506       0x3a ./Middlewares/ST/STM32_USB_Device_Library/Class/MSC/Src/usbd_msc.o
 .ARM.attributes
                0x0000000000000540       0x3a ./Middlewares/ST/STM32_USB_Device_Library/Class/MSC/Src/usbd_msc_bot.o
 .ARM.attributes
                0x000000000000057a       0x3a ./Middlewares/ST/STM32_USB_Device_Library/Class/MSC/Src/usbd_msc_data.o
 .ARM.attributes
                0x00000000000005b4       0x3a ./Middlewares/ST/STM32_USB_Device_Library/Class/MSC/Src/usbd_msc_scsi.o
 .ARM.attributes
                0x00000000000005ee       0x3a ./Middlewares/ST/STM32_USB_Device_Library/Core/Src/usbd_core.o
 .ARM.attributes
                0x0000000000000628       0x3a ./Middlewares/ST/STM32_USB_Device_Library/Core/Src/usbd_ctlreq.o
 .ARM.attributes
                0x0000000000000662       0x3a ./Middlewares/ST/STM32_USB_Device_Library/Core/Src/usbd_ioreq.o
 .ARM.attributes
                0x000000000000069c       0x3a ./Middlewares/Third_Party/FatFs/src/ff_gen_drv.o
 .ARM.attributes
                0x00000000000006d6       0x3a ./USB_Device/App/usb_device.o
 .ARM.attributes
                0x0000000000000710       0x3a ./USB_Device/App/usbd_desc.o
 .ARM.attributes
                0x000000000000074a       0x3a ./USB_Device/App/usbd_storage_if.o
 .ARM.attributes
                0x0000000000000784       0x3a ./USB_Device/Target/usbd_conf.o
 .ARM.attributes
                0x00000000000007be       0x38 c:/st/stm32cubeide_1.9.0/stm32cubeide/plugins/com.st.stm32cube.ide.mcu.externaltools.gnu-tools-for-stm32.10.3-2021.10.win32_1.0.0.202111181127/tools/bin/../lib/gcc/arm-none-eabi/10.3.1/../../../../arm-none-eabi/lib/thumb/v8-m.main+fp/hard\libc_nano.a(lib_a-init.o)
 .ARM.attributes
                0x00000000000007f6       0x38 c:/st/stm32cubeide_1.9.0/stm32cubeide/plugins/com.st.stm32cube.ide.mcu.externaltools.gnu-tools-for-stm32.10.3-2021.10.win32_1.0.0.202111181127/tools/bin/../lib/gcc/arm-none-eabi/10.3.1/../../../../arm-none-eabi/lib/thumb/v8-m.main+fp/hard\libc_nano.a(lib_a-memset.o)
 .ARM.attributes
                0x000000000000082e       0x22 c:/st/stm32cubeide_1.9.0/stm32cubeide/plugins/com.st.stm32cube.ide.mcu.externaltools.gnu-tools-for-stm32.10.3-2021.10.win32_1.0.0.202111181127/tools/bin/../lib/gcc/arm-none-eabi/10.3.1/thumb/v8-m.main+fp/hard/crtn.o
OUTPUT(ChargesFirmware_STM32CubeIDE.elf elf32-littlearm)
LOAD linker stubs
LOAD c:/st/stm32cubeide_1.9.0/stm32cubeide/plugins/com.st.stm32cube.ide.mcu.externaltools.gnu-tools-for-stm32.10.3-2021.10.win32_1.0.0.202111181127/tools/bin/../lib/gcc/arm-none-eabi/10.3.1/../../../../arm-none-eabi/lib/thumb/v8-m.main+fp/hard\libc.a
LOAD c:/st/stm32cubeide_1.9.0/stm32cubeide/plugins/com.st.stm32cube.ide.mcu.externaltools.gnu-tools-for-stm32.10.3-2021.10.win32_1.0.0.202111181127/tools/bin/../lib/gcc/arm-none-eabi/10.3.1/../../../../arm-none-eabi/lib/thumb/v8-m.main+fp/hard\libm.a
LOAD c:/st/stm32cubeide_1.9.0/stm32cubeide/plugins/com.st.stm32cube.ide.mcu.externaltools.gnu-tools-for-stm32.10.3-2021.10.win32_1.0.0.202111181127/tools/bin/../lib/gcc/arm-none-eabi/10.3.1/thumb/v8-m.main+fp/hard\libgcc.a

.debug_info     0x0000000000000000    0x1c96e
 .debug_info    0x0000000000000000     0x1696 ./Core/Src/main.o
 .debug_info    0x0000000000001696     0x1386 ./Core/Src/stm32l5xx_hal_msp.o
 .debug_info    0x0000000000002a1c      0x6a6 ./Core/Src/stm32l5xx_it.o
 .debug_info    0x00000000000030c2      0x7fc ./Core/Src/system_stm32l5xx.o
 .debug_info    0x00000000000038be       0x22 ./Core/Startup/startup_stm32l562vetxq.o
 .debug_info    0x00000000000038e0      0xd55 ./Drivers/STM32L5xx_HAL_Driver/Src/stm32l5xx_hal.o
 .debug_info    0x0000000000004635     0x1189 ./Drivers/STM32L5xx_HAL_Driver/Src/stm32l5xx_hal_cortex.o
 .debug_info    0x00000000000057be      0x655 ./Drivers/STM32L5xx_HAL_Driver/Src/stm32l5xx_hal_gpio.o
 .debug_info    0x0000000000005e13     0x22a2 ./Drivers/STM32L5xx_HAL_Driver/Src/stm32l5xx_hal_i2c.o
 .debug_info    0x00000000000080b5      0xc76 ./Drivers/STM32L5xx_HAL_Driver/Src/stm32l5xx_hal_i2c_ex.o
 .debug_info    0x0000000000008d2b      0x541 ./Drivers/STM32L5xx_HAL_Driver/Src/stm32l5xx_hal_icache.o
 .debug_info    0x000000000000926c     0x15b3 ./Drivers/STM32L5xx_HAL_Driver/Src/stm32l5xx_hal_pcd.o
 .debug_info    0x000000000000a81f      0x88f ./Drivers/STM32L5xx_HAL_Driver/Src/stm32l5xx_hal_pcd_ex.o
 .debug_info    0x000000000000b0ae      0xdf9 ./Drivers/STM32L5xx_HAL_Driver/Src/stm32l5xx_hal_pwr_ex.o
 .debug_info    0x000000000000bea7     0x1057 ./Drivers/STM32L5xx_HAL_Driver/Src/stm32l5xx_hal_rcc.o
 .debug_info    0x000000000000cefe     0x121b ./Drivers/STM32L5xx_HAL_Driver/Src/stm32l5xx_hal_rcc_ex.o
 .debug_info    0x000000000000e119     0x2c81 ./Drivers/STM32L5xx_HAL_Driver/Src/stm32l5xx_hal_tim.o
 .debug_info    0x0000000000010d9a     0x192a ./Drivers/STM32L5xx_HAL_Driver/Src/stm32l5xx_hal_tim_ex.o
 .debug_info    0x00000000000126c4     0x1766 ./Drivers/STM32L5xx_HAL_Driver/Src/stm32l5xx_ll_usb.o
 .debug_info    0x0000000000013e2a      0x56b ./FATFS/App/app_fatfs.o
 .debug_info    0x0000000000014395      0x34b ./FATFS/Target/user_diskio.o
 .debug_info    0x00000000000146e0      0xd32 ./Middlewares/ST/STM32_USB_Device_Library/Class/MSC/Src/usbd_msc.o
 .debug_info    0x0000000000015412      0xc9b ./Middlewares/ST/STM32_USB_Device_Library/Class/MSC/Src/usbd_msc_bot.o
 .debug_info    0x00000000000160ad      0x136 ./Middlewares/ST/STM32_USB_Device_Library/Class/MSC/Src/usbd_msc_data.o
 .debug_info    0x00000000000161e3     0x1272 ./Middlewares/ST/STM32_USB_Device_Library/Class/MSC/Src/usbd_msc_scsi.o
 .debug_info    0x0000000000017455      0xbcd ./Middlewares/ST/STM32_USB_Device_Library/Core/Src/usbd_core.o
 .debug_info    0x0000000000018022      0xae0 ./Middlewares/ST/STM32_USB_Device_Library/Core/Src/usbd_ctlreq.o
 .debug_info    0x0000000000018b02      0x78f ./Middlewares/ST/STM32_USB_Device_Library/Core/Src/usbd_ioreq.o
 .debug_info    0x0000000000019291      0x3a9 ./Middlewares/Third_Party/FatFs/src/ff_gen_drv.o
 .debug_info    0x000000000001963a      0x74c ./USB_Device/App/usb_device.o
 .debug_info    0x0000000000019d86      0x49b ./USB_Device/App/usbd_desc.o
 .debug_info    0x000000000001a221      0x3ce ./USB_Device/App/usbd_storage_if.o
 .debug_info    0x000000000001a5ef     0x237f ./USB_Device/Target/usbd_conf.o

.debug_abbrev   0x0000000000000000     0x45a6
 .debug_abbrev  0x0000000000000000      0x2f9 ./Core/Src/main.o
 .debug_abbrev  0x00000000000002f9      0x22b ./Core/Src/stm32l5xx_hal_msp.o
 .debug_abbrev  0x0000000000000524      0x188 ./Core/Src/stm32l5xx_it.o
 .debug_abbrev  0x00000000000006ac      0x127 ./Core/Src/system_stm32l5xx.o
 .debug_abbrev  0x00000000000007d3       0x12 ./Core/Startup/startup_stm32l562vetxq.o
 .debug_abbrev  0x00000000000007e5      0x2c3 ./Drivers/STM32L5xx_HAL_Driver/Src/stm32l5xx_hal.o
 .debug_abbrev  0x0000000000000aa8      0x31d ./Drivers/STM32L5xx_HAL_Driver/Src/stm32l5xx_hal_cortex.o
 .debug_abbrev  0x0000000000000dc5      0x1b2 ./Drivers/STM32L5xx_HAL_Driver/Src/stm32l5xx_hal_gpio.o
 .debug_abbrev  0x0000000000000f77      0x243 ./Drivers/STM32L5xx_HAL_Driver/Src/stm32l5xx_hal_i2c.o
 .debug_abbrev  0x00000000000011ba      0x1d0 ./Drivers/STM32L5xx_HAL_Driver/Src/stm32l5xx_hal_i2c_ex.o
 .debug_abbrev  0x000000000000138a      0x22f ./Drivers/STM32L5xx_HAL_Driver/Src/stm32l5xx_hal_icache.o
 .debug_abbrev  0x00000000000015b9      0x2a4 ./Drivers/STM32L5xx_HAL_Driver/Src/stm32l5xx_hal_pcd.o
 .debug_abbrev  0x000000000000185d      0x21d ./Drivers/STM32L5xx_HAL_Driver/Src/stm32l5xx_hal_pcd_ex.o
 .debug_abbrev  0x0000000000001a7a      0x283 ./Drivers/STM32L5xx_HAL_Driver/Src/stm32l5xx_hal_pwr_ex.o
 .debug_abbrev  0x0000000000001cfd      0x2ee ./Drivers/STM32L5xx_HAL_Driver/Src/stm32l5xx_hal_rcc.o
 .debug_abbrev  0x0000000000001feb      0x2b9 ./Drivers/STM32L5xx_HAL_Driver/Src/stm32l5xx_hal_rcc_ex.o
 .debug_abbrev  0x00000000000022a4      0x25d ./Drivers/STM32L5xx_HAL_Driver/Src/stm32l5xx_hal_tim.o
 .debug_abbrev  0x0000000000002501      0x27a ./Drivers/STM32L5xx_HAL_Driver/Src/stm32l5xx_hal_tim_ex.o
 .debug_abbrev  0x000000000000277b      0x22f ./Drivers/STM32L5xx_HAL_Driver/Src/stm32l5xx_ll_usb.o
 .debug_abbrev  0x00000000000029aa      0x19e ./FATFS/App/app_fatfs.o
 .debug_abbrev  0x0000000000002b48      0x139 ./FATFS/Target/user_diskio.o
 .debug_abbrev  0x0000000000002c81      0x2b9 ./Middlewares/ST/STM32_USB_Device_Library/Class/MSC/Src/usbd_msc.o
 .debug_abbrev  0x0000000000002f3a      0x2ca ./Middlewares/ST/STM32_USB_Device_Library/Class/MSC/Src/usbd_msc_bot.o
 .debug_abbrev  0x0000000000003204       0x6c ./Middlewares/ST/STM32_USB_Device_Library/Class/MSC/Src/usbd_msc_data.o
 .debug_abbrev  0x0000000000003270      0x2fa ./Middlewares/ST/STM32_USB_Device_Library/Class/MSC/Src/usbd_msc_scsi.o
 .debug_abbrev  0x000000000000356a      0x23d ./Middlewares/ST/STM32_USB_Device_Library/Core/Src/usbd_core.o
 .debug_abbrev  0x00000000000037a7      0x26d ./Middlewares/ST/STM32_USB_Device_Library/Core/Src/usbd_ctlreq.o
 .debug_abbrev  0x0000000000003a14      0x19b ./Middlewares/ST/STM32_USB_Device_Library/Core/Src/usbd_ioreq.o
 .debug_abbrev  0x0000000000003baf      0x196 ./Middlewares/Third_Party/FatFs/src/ff_gen_drv.o
 .debug_abbrev  0x0000000000003d45      0x19b ./USB_Device/App/usb_device.o
 .debug_abbrev  0x0000000000003ee0      0x209 ./USB_Device/App/usbd_desc.o
 .debug_abbrev  0x00000000000040e9      0x15e ./USB_Device/App/usbd_storage_if.o
 .debug_abbrev  0x0000000000004247      0x35f ./USB_Device/Target/usbd_conf.o

.debug_aranges  0x0000000000000000     0x1880
 .debug_aranges
                0x0000000000000000       0x50 ./Core/Src/main.o
 .debug_aranges
                0x0000000000000050       0x48 ./Core/Src/stm32l5xx_hal_msp.o
 .debug_aranges
                0x0000000000000098       0x68 ./Core/Src/stm32l5xx_it.o
 .debug_aranges
                0x0000000000000100       0x28 ./Core/Src/system_stm32l5xx.o
 .debug_aranges
                0x0000000000000128       0x28 ./Core/Startup/startup_stm32l562vetxq.o
 .debug_aranges
                0x0000000000000150      0x130 ./Drivers/STM32L5xx_HAL_Driver/Src/stm32l5xx_hal.o
 .debug_aranges
                0x0000000000000280      0x130 ./Drivers/STM32L5xx_HAL_Driver/Src/stm32l5xx_hal_cortex.o
 .debug_aranges
                0x00000000000003b0       0x60 ./Drivers/STM32L5xx_HAL_Driver/Src/stm32l5xx_hal_gpio.o
 .debug_aranges
                0x0000000000000410      0x290 ./Drivers/STM32L5xx_HAL_Driver/Src/stm32l5xx_hal_i2c.o
 .debug_aranges
                0x00000000000006a0       0x48 ./Drivers/STM32L5xx_HAL_Driver/Src/stm32l5xx_hal_i2c_ex.o
 .debug_aranges
                0x00000000000006e8       0xa0 ./Drivers/STM32L5xx_HAL_Driver/Src/stm32l5xx_hal_icache.o
 .debug_aranges
                0x0000000000000788      0x130 ./Drivers/STM32L5xx_HAL_Driver/Src/stm32l5xx_hal_pcd.o
 .debug_aranges
                0x00000000000008b8       0x58 ./Drivers/STM32L5xx_HAL_Driver/Src/stm32l5xx_hal_pcd_ex.o
 .debug_aranges
                0x0000000000000910      0x1b8 ./Drivers/STM32L5xx_HAL_Driver/Src/stm32l5xx_hal_pwr_ex.o
 .debug_aranges
                0x0000000000000ac8       0xa0 ./Drivers/STM32L5xx_HAL_Driver/Src/stm32l5xx_hal_rcc.o
 .debug_aranges
                0x0000000000000b68      0x118 ./Drivers/STM32L5xx_HAL_Driver/Src/stm32l5xx_hal_rcc_ex.o
 .debug_aranges
                0x0000000000000c80      0x3e0 ./Drivers/STM32L5xx_HAL_Driver/Src/stm32l5xx_hal_tim.o
 .debug_aranges
                0x0000000000001060      0x190 ./Drivers/STM32L5xx_HAL_Driver/Src/stm32l5xx_hal_tim_ex.o
 .debug_aranges
                0x00000000000011f0       0xb0 ./Drivers/STM32L5xx_HAL_Driver/Src/stm32l5xx_ll_usb.o
 .debug_aranges
                0x00000000000012a0       0x30 ./FATFS/App/app_fatfs.o
 .debug_aranges
                0x00000000000012d0       0x40 ./FATFS/Target/user_diskio.o
 .debug_aranges
                0x0000000000001310       0x68 ./Middlewares/ST/STM32_USB_Device_Library/Class/MSC/Src/usbd_msc.o
 .debug_aranges
                0x0000000000001378       0x68 ./Middlewares/ST/STM32_USB_Device_Library/Class/MSC/Src/usbd_msc_bot.o
 .debug_aranges
                0x00000000000013e0       0x18 ./Middlewares/ST/STM32_USB_Device_Library/Class/MSC/Src/usbd_msc_data.o
 .debug_aranges
                0x00000000000013f8       0xc0 ./Middlewares/ST/STM32_USB_Device_Library/Class/MSC/Src/usbd_msc_scsi.o
 .debug_aranges
                0x00000000000014b8       0xb8 ./Middlewares/ST/STM32_USB_Device_Library/Core/Src/usbd_core.o
 .debug_aranges
                0x0000000000001570       0x90 ./Middlewares/ST/STM32_USB_Device_Library/Core/Src/usbd_ctlreq.o
 .debug_aranges
                0x0000000000001600       0x50 ./Middlewares/ST/STM32_USB_Device_Library/Core/Src/usbd_ioreq.o
 .debug_aranges
                0x0000000000001650       0x40 ./Middlewares/Third_Party/FatFs/src/ff_gen_drv.o
 .debug_aranges
                0x0000000000001690       0x20 ./USB_Device/App/usb_device.o
 .debug_aranges
                0x00000000000016b0       0x60 ./USB_Device/App/usbd_desc.o
 .debug_aranges
                0x0000000000001710       0x50 ./USB_Device/App/usbd_storage_if.o
 .debug_aranges
                0x0000000000001760      0x120 ./USB_Device/Target/usbd_conf.o

.debug_ranges   0x0000000000000000     0x1670
 .debug_ranges  0x0000000000000000       0x40 ./Core/Src/main.o
 .debug_ranges  0x0000000000000040       0x38 ./Core/Src/stm32l5xx_hal_msp.o
 .debug_ranges  0x0000000000000078       0x58 ./Core/Src/stm32l5xx_it.o
 .debug_ranges  0x00000000000000d0       0x18 ./Core/Src/system_stm32l5xx.o
 .debug_ranges  0x00000000000000e8       0x20 ./Core/Startup/startup_stm32l562vetxq.o
 .debug_ranges  0x0000000000000108      0x120 ./Drivers/STM32L5xx_HAL_Driver/Src/stm32l5xx_hal.o
 .debug_ranges  0x0000000000000228      0x120 ./Drivers/STM32L5xx_HAL_Driver/Src/stm32l5xx_hal_cortex.o
 .debug_ranges  0x0000000000000348       0x50 ./Drivers/STM32L5xx_HAL_Driver/Src/stm32l5xx_hal_gpio.o
 .debug_ranges  0x0000000000000398      0x280 ./Drivers/STM32L5xx_HAL_Driver/Src/stm32l5xx_hal_i2c.o
 .debug_ranges  0x0000000000000618       0x38 ./Drivers/STM32L5xx_HAL_Driver/Src/stm32l5xx_hal_i2c_ex.o
 .debug_ranges  0x0000000000000650       0x90 ./Drivers/STM32L5xx_HAL_Driver/Src/stm32l5xx_hal_icache.o
 .debug_ranges  0x00000000000006e0      0x120 ./Drivers/STM32L5xx_HAL_Driver/Src/stm32l5xx_hal_pcd.o
 .debug_ranges  0x0000000000000800       0x48 ./Drivers/STM32L5xx_HAL_Driver/Src/stm32l5xx_hal_pcd_ex.o
 .debug_ranges  0x0000000000000848      0x1a8 ./Drivers/STM32L5xx_HAL_Driver/Src/stm32l5xx_hal_pwr_ex.o
 .debug_ranges  0x00000000000009f0       0x90 ./Drivers/STM32L5xx_HAL_Driver/Src/stm32l5xx_hal_rcc.o
 .debug_ranges  0x0000000000000a80      0x108 ./Drivers/STM32L5xx_HAL_Driver/Src/stm32l5xx_hal_rcc_ex.o
 .debug_ranges  0x0000000000000b88      0x3d0 ./Drivers/STM32L5xx_HAL_Driver/Src/stm32l5xx_hal_tim.o
 .debug_ranges  0x0000000000000f58      0x180 ./Drivers/STM32L5xx_HAL_Driver/Src/stm32l5xx_hal_tim_ex.o
 .debug_ranges  0x00000000000010d8       0xa0 ./Drivers/STM32L5xx_HAL_Driver/Src/stm32l5xx_ll_usb.o
 .debug_ranges  0x0000000000001178       0x20 ./FATFS/App/app_fatfs.o
 .debug_ranges  0x0000000000001198       0x30 ./FATFS/Target/user_diskio.o
 .debug_ranges  0x00000000000011c8       0x58 ./Middlewares/ST/STM32_USB_Device_Library/Class/MSC/Src/usbd_msc.o
 .debug_ranges  0x0000000000001220       0x58 ./Middlewares/ST/STM32_USB_Device_Library/Class/MSC/Src/usbd_msc_bot.o
 .debug_ranges  0x0000000000001278       0xb0 ./Middlewares/ST/STM32_USB_Device_Library/Class/MSC/Src/usbd_msc_scsi.o
 .debug_ranges  0x0000000000001328       0xa8 ./Middlewares/ST/STM32_USB_Device_Library/Core/Src/usbd_core.o
 .debug_ranges  0x00000000000013d0       0x80 ./Middlewares/ST/STM32_USB_Device_Library/Core/Src/usbd_ctlreq.o
 .debug_ranges  0x0000000000001450       0x40 ./Middlewares/ST/STM32_USB_Device_Library/Core/Src/usbd_ioreq.o
 .debug_ranges  0x0000000000001490       0x30 ./Middlewares/Third_Party/FatFs/src/ff_gen_drv.o
 .debug_ranges  0x00000000000014c0       0x10 ./USB_Device/App/usb_device.o
 .debug_ranges  0x00000000000014d0       0x50 ./USB_Device/App/usbd_desc.o
 .debug_ranges  0x0000000000001520       0x40 ./USB_Device/App/usbd_storage_if.o
 .debug_ranges  0x0000000000001560      0x110 ./USB_Device/Target/usbd_conf.o

.debug_macro    0x0000000000000000    0x2e681
 .debug_macro   0x0000000000000000      0x447 ./Core/Src/main.o
 .debug_macro   0x0000000000000447      0xa7e ./Core/Src/main.o
 .debug_macro   0x0000000000000ec5      0x196 ./Core/Src/main.o
 .debug_macro   0x000000000000105b       0x2e ./Core/Src/main.o
 .debug_macro   0x0000000000001089       0x42 ./Core/Src/main.o
 .debug_macro   0x00000000000010cb       0x22 ./Core/Src/main.o
 .debug_macro   0x00000000000010ed       0x8e ./Core/Src/main.o
 .debug_macro   0x000000000000117b       0x51 ./Core/Src/main.o
 .debug_macro   0x00000000000011cc      0x103 ./Core/Src/main.o
 .debug_macro   0x00000000000012cf       0x6a ./Core/Src/main.o
 .debug_macro   0x0000000000001339      0x1df ./Core/Src/main.o
 .debug_macro   0x0000000000001518       0x1c ./Core/Src/main.o
 .debug_macro   0x0000000000001534       0x29 ./Core/Src/main.o
 .debug_macro   0x000000000000155d       0xfb ./Core/Src/main.o
 .debug_macro   0x0000000000001658     0x1336 ./Core/Src/main.o
 .debug_macro   0x000000000000298e       0x5e ./Core/Src/main.o
 .debug_macro   0x00000000000029ec    0x1bc93 ./Core/Src/main.o
 .debug_macro   0x000000000001e67f       0x42 ./Core/Src/main.o
 .debug_macro   0x000000000001e6c1     0x34df ./Core/Src/main.o
 .debug_macro   0x0000000000021ba0      0x174 ./Core/Src/main.o
 .debug_macro   0x0000000000021d14       0x5c ./Core/Src/main.o
 .debug_macro   0x0000000000021d70     0x198e ./Core/Src/main.o
 .debug_macro   0x00000000000236fe      0xa4b ./Core/Src/main.o
 .debug_macro   0x0000000000024149      0x153 ./Core/Src/main.o
 .debug_macro   0x000000000002429c      0x1d9 ./Core/Src/main.o
 .debug_macro   0x0000000000024475      0x4e1 ./Core/Src/main.o
 .debug_macro   0x0000000000024956      0x1ac ./Core/Src/main.o
 .debug_macro   0x0000000000024b02       0x4a ./Core/Src/main.o
 .debug_macro   0x0000000000024b4c      0x1ba ./Core/Src/main.o
 .debug_macro   0x0000000000024d06      0x231 ./Core/Src/main.o
 .debug_macro   0x0000000000024f37      0x3bb ./Core/Src/main.o
 .debug_macro   0x00000000000252f2       0x36 ./Core/Src/main.o
 .debug_macro   0x0000000000025328      0x11c ./Core/Src/main.o
 .debug_macro   0x0000000000025444      0x22c ./Core/Src/main.o
 .debug_macro   0x0000000000025670       0x5b ./Core/Src/main.o
 .debug_macro   0x00000000000256cb       0xa5 ./Core/Src/main.o
 .debug_macro   0x0000000000025770       0xf3 ./Core/Src/main.o
 .debug_macro   0x0000000000025863       0x65 ./Core/Src/main.o
 .debug_macro   0x00000000000258c8      0x234 ./Core/Src/main.o
 .debug_macro   0x0000000000025afc      0x199 ./Core/Src/main.o
 .debug_macro   0x0000000000025c95      0x487 ./Core/Src/main.o
 .debug_macro   0x000000000002611c      0xa98 ./Core/Src/main.o
 .debug_macro   0x0000000000026bb4      0x186 ./Core/Src/main.o
 .debug_macro   0x0000000000026d3a      0x3f1 ./Core/Src/main.o
 .debug_macro   0x000000000002712b       0xdd ./Core/Src/main.o
 .debug_macro   0x0000000000027208       0x1e ./Core/Src/main.o
 .debug_macro   0x0000000000027226       0x52 ./Core/Src/main.o
 .debug_macro   0x0000000000027278       0x3c ./Core/Src/main.o
 .debug_macro   0x00000000000272b4       0x34 ./Core/Src/main.o
 .debug_macro   0x00000000000272e8       0x16 ./Core/Src/main.o
 .debug_macro   0x00000000000272fe       0x35 ./Core/Src/main.o
 .debug_macro   0x0000000000027333       0x16 ./Core/Src/main.o
 .debug_macro   0x0000000000027349       0x43 ./Core/Src/main.o
 .debug_macro   0x000000000002738c       0x34 ./Core/Src/main.o
 .debug_macro   0x00000000000273c0       0x10 ./Core/Src/main.o
 .debug_macro   0x00000000000273d0       0x58 ./Core/Src/main.o
 .debug_macro   0x0000000000027428       0x71 ./Core/Src/main.o
 .debug_macro   0x0000000000027499       0x1c ./Core/Src/main.o
 .debug_macro   0x00000000000274b5      0x12a ./Core/Src/main.o
 .debug_macro   0x00000000000275df      0x341 ./Core/Src/main.o
 .debug_macro   0x0000000000027920       0x16 ./Core/Src/main.o